[1.365s] DEBUG:colcon:Command line arguments: ['/usr/bin/colcon', 'list', '-p', '--base-paths', '/home/robousr/Documents/Practicas_ROS2/ros2_ws']
[1.366s] DEBUG:colcon:Parsed command line arguments: Namespace(log_base=None, log_level=None, verb_name='list', build_base='build', ignore_user_meta=False, metas=['./colcon.meta'], base_paths=['/home/robousr/Documents/Practicas_ROS2/ros2_ws'], packages_ignore=None, packages_ignore_regex=None, paths=None, packages_up_to=None, packages_up_to_regex=None, packages_above=None, packages_above_and_dependencies=None, packages_above_depth=None, packages_select_by_dep=None, packages_skip_by_dep=None, packages_skip_up_to=None, packages_select_build_failed=False, packages_skip_build_finished=False, packages_select_test_failures=False, packages_skip_test_passed=False, packages_select=None, packages_skip=None, packages_select_regex=None, packages_skip_regex=None, packages_start=None, packages_end=None, allow_overriding=[], topological_order=False, names_only=False, paths_only=True, topological_graph=False, topological_graph_dot=False, topological_graph_density=False, topological_graph_legend=False, topological_graph_dot_cluster=False, topological_graph_dot_include_skipped=False, mixin_files=None, mixin=None, verb_parser=<colcon_mixin.mixin.mixin_argument.MixinArgumentDecorator object at 0x796d4bc8e050>, verb_extension=<colcon_package_information.verb.list.ListVerb object at 0x796d4bc8d000>, main=<bound method ListVerb.main of <colcon_package_information.verb.list.ListVerb object at 0x796d4bc8d000>>, mixin_verb=('list',))
[4.367s] Level 1:colcon.colcon_core.package_discovery:discover_packages(colcon_meta) check parameters
[4.367s] Level 1:colcon.colcon_core.package_discovery:discover_packages(recursive) check parameters
[4.369s] Level 1:colcon.colcon_core.package_discovery:discover_packages(ignore) check parameters
[4.369s] Level 1:colcon.colcon_core.package_discovery:discover_packages(path) check parameters
[4.369s] Level 1:colcon.colcon_core.package_discovery:discover_packages(recursive) discover
[4.370s] INFO:colcon.colcon_core.package_discovery:Crawling recursively for packages in '/home/robousr/Documents/Practicas_ROS2/ros2_ws'
[4.371s] Level 1:colcon.colcon_core.package_identification:_identify(/home/robousr/Documents/Practicas_ROS2/ros2_ws) by extensions ['ignore', 'ignore_ament_install']
[4.372s] Level 1:colcon.colcon_core.package_identification:_identify(/home/robousr/Documents/Practicas_ROS2/ros2_ws) by extension 'ignore'
[4.372s] Level 1:colcon.colcon_core.package_identification:_identify(/home/robousr/Documents/Practicas_ROS2/ros2_ws) by extension 'ignore_ament_install'
[4.372s] Level 1:colcon.colcon_core.package_identification:_identify(/home/robousr/Documents/Practicas_ROS2/ros2_ws) by extensions ['colcon_pkg']
[4.372s] Level 1:colcon.colcon_core.package_identification:_identify(/home/robousr/Documents/Practicas_ROS2/ros2_ws) by extension 'colcon_pkg'
[4.372s] Level 1:colcon.colcon_core.package_identification:_identify(/home/robousr/Documents/Practicas_ROS2/ros2_ws) by extensions ['colcon_meta']
[4.373s] Level 1:colcon.colcon_core.package_identification:_identify(/home/robousr/Documents/Practicas_ROS2/ros2_ws) by extension 'colcon_meta'
[4.373s] Level 1:colcon.colcon_core.package_identification:_identify(/home/robousr/Documents/Practicas_ROS2/ros2_ws) by extensions ['ros']
[4.373s] Level 1:colcon.colcon_core.package_identification:_identify(/home/robousr/Documents/Practicas_ROS2/ros2_ws) by extension 'ros'
[4.572s] Level 1:colcon.colcon_core.package_identification:_identify(/home/robousr/Documents/Practicas_ROS2/ros2_ws) by extensions ['cmake', 'python']
[4.572s] Level 1:colcon.colcon_core.package_identification:_identify(/home/robousr/Documents/Practicas_ROS2/ros2_ws) by extension 'cmake'
[4.576s] Level 1:colcon.colcon_core.package_identification:_identify(/home/robousr/Documents/Practicas_ROS2/ros2_ws) by extension 'python'
[4.576s] Level 1:colcon.colcon_core.package_identification:_identify(/home/robousr/Documents/Practicas_ROS2/ros2_ws) by extensions ['python_setup_py']
[4.576s] Level 1:colcon.colcon_core.package_identification:_identify(/home/robousr/Documents/Practicas_ROS2/ros2_ws) by extension 'python_setup_py'
[4.581s] Level 1:colcon.colcon_core.package_identification:_identify(/home/robousr/Documents/Practicas_ROS2/ros2_ws/build) by extensions ['ignore', 'ignore_ament_install']
[4.581s] Level 1:colcon.colcon_core.package_identification:_identify(/home/robousr/Documents/Practicas_ROS2/ros2_ws/build) by extension 'ignore'
[4.581s] Level 1:colcon.colcon_core.package_identification:_identify(/home/robousr/Documents/Practicas_ROS2/ros2_ws/build) ignored
[4.582s] Level 1:colcon.colcon_core.package_identification:_identify(/home/robousr/Documents/Practicas_ROS2/ros2_ws/install) by extensions ['ignore', 'ignore_ament_install']
[4.582s] Level 1:colcon.colcon_core.package_identification:_identify(/home/robousr/Documents/Practicas_ROS2/ros2_ws/install) by extension 'ignore'
[4.582s] Level 1:colcon.colcon_core.package_identification:_identify(/home/robousr/Documents/Practicas_ROS2/ros2_ws/install) ignored
[4.590s] Level 1:colcon.colcon_core.package_identification:_identify(/home/robousr/Documents/Practicas_ROS2/ros2_ws/log) by extensions ['ignore', 'ignore_ament_install']
[4.594s] Level 1:colcon.colcon_core.package_identification:_identify(/home/robousr/Documents/Practicas_ROS2/ros2_ws/log) by extension 'ignore'
[4.594s] Level 1:colcon.colcon_core.package_identification:_identify(/home/robousr/Documents/Practicas_ROS2/ros2_ws/log) ignored
[4.594s] Level 1:colcon.colcon_core.package_identification:_identify(/home/robousr/Documents/Practicas_ROS2/ros2_ws/src) by extensions ['ignore', 'ignore_ament_install']
[4.594s] Level 1:colcon.colcon_core.package_identification:_identify(/home/robousr/Documents/Practicas_ROS2/ros2_ws/src) by extension 'ignore'
[4.594s] Level 1:colcon.colcon_core.package_identification:_identify(/home/robousr/Documents/Practicas_ROS2/ros2_ws/src) by extension 'ignore_ament_install'
[4.594s] Level 1:colcon.colcon_core.package_identification:_identify(/home/robousr/Documents/Practicas_ROS2/ros2_ws/src) by extensions ['colcon_pkg']
[4.595s] Level 1:colcon.colcon_core.package_identification:_identify(/home/robousr/Documents/Practicas_ROS2/ros2_ws/src) by extension 'colcon_pkg'
[4.595s] Level 1:colcon.colcon_core.package_identification:_identify(/home/robousr/Documents/Practicas_ROS2/ros2_ws/src) by extensions ['colcon_meta']
[4.595s] Level 1:colcon.colcon_core.package_identification:_identify(/home/robousr/Documents/Practicas_ROS2/ros2_ws/src) by extension 'colcon_meta'
[4.595s] Level 1:colcon.colcon_core.package_identification:_identify(/home/robousr/Documents/Practicas_ROS2/ros2_ws/src) by extensions ['ros']
[4.595s] Level 1:colcon.colcon_core.package_identification:_identify(/home/robousr/Documents/Practicas_ROS2/ros2_ws/src) by extension 'ros'
[4.600s] Level 1:colcon.colcon_core.package_identification:_identify(/home/robousr/Documents/Practicas_ROS2/ros2_ws/src) by extensions ['cmake', 'python']
[4.604s] Level 1:colcon.colcon_core.package_identification:_identify(/home/robousr/Documents/Practicas_ROS2/ros2_ws/src) by extension 'cmake'
[4.604s] Level 1:colcon.colcon_core.package_identification:_identify(/home/robousr/Documents/Practicas_ROS2/ros2_ws/src) by extension 'python'
[4.604s] Level 1:colcon.colcon_core.package_identification:_identify(/home/robousr/Documents/Practicas_ROS2/ros2_ws/src) by extensions ['python_setup_py']
[4.604s] Level 1:colcon.colcon_core.package_identification:_identify(/home/robousr/Documents/Practicas_ROS2/ros2_ws/src) by extension 'python_setup_py'
[4.604s] Level 1:colcon.colcon_core.package_identification:_identify(/home/robousr/Documents/Practicas_ROS2/ros2_ws/src/cpp_pubsub) by extensions ['ignore', 'ignore_ament_install']
[4.605s] Level 1:colcon.colcon_core.package_identification:_identify(/home/robousr/Documents/Practicas_ROS2/ros2_ws/src/cpp_pubsub) by extension 'ignore'
[4.605s] Level 1:colcon.colcon_core.package_identification:_identify(/home/robousr/Documents/Practicas_ROS2/ros2_ws/src/cpp_pubsub) by extension 'ignore_ament_install'
[4.605s] Level 1:colcon.colcon_core.package_identification:_identify(/home/robousr/Documents/Practicas_ROS2/ros2_ws/src/cpp_pubsub) by extensions ['colcon_pkg']
[4.605s] Level 1:colcon.colcon_core.package_identification:_identify(/home/robousr/Documents/Practicas_ROS2/ros2_ws/src/cpp_pubsub) by extension 'colcon_pkg'
[4.605s] Level 1:colcon.colcon_core.package_identification:_identify(/home/robousr/Documents/Practicas_ROS2/ros2_ws/src/cpp_pubsub) by extensions ['colcon_meta']
[4.605s] Level 1:colcon.colcon_core.package_identification:_identify(/home/robousr/Documents/Practicas_ROS2/ros2_ws/src/cpp_pubsub) by extension 'colcon_meta'
[4.605s] Level 1:colcon.colcon_core.package_identification:_identify(/home/robousr/Documents/Practicas_ROS2/ros2_ws/src/cpp_pubsub) by extensions ['ros']
[4.605s] Level 1:colcon.colcon_core.package_identification:_identify(/home/robousr/Documents/Practicas_ROS2/ros2_ws/src/cpp_pubsub) by extension 'ros'
[4.614s] DEBUG:colcon.colcon_core.package_identification:Package '/home/robousr/Documents/Practicas_ROS2/ros2_ws/src/cpp_pubsub' with type 'ros.ament_cmake' and name 'cpp_pubsub'
[4.614s] Level 1:colcon.colcon_core.package_identification:_identify(/home/robousr/Documents/Practicas_ROS2/ros2_ws/src/examples) by extensions ['ignore', 'ignore_ament_install']
[4.615s] Level 1:colcon.colcon_core.package_identification:_identify(/home/robousr/Documents/Practicas_ROS2/ros2_ws/src/examples) by extension 'ignore'
[4.616s] Level 1:colcon.colcon_core.package_identification:_identify(/home/robousr/Documents/Practicas_ROS2/ros2_ws/src/examples) by extension 'ignore_ament_install'
[4.616s] Level 1:colcon.colcon_core.package_identification:_identify(/home/robousr/Documents/Practicas_ROS2/ros2_ws/src/examples) by extensions ['colcon_pkg']
[4.616s] Level 1:colcon.colcon_core.package_identification:_identify(/home/robousr/Documents/Practicas_ROS2/ros2_ws/src/examples) by extension 'colcon_pkg'
[4.616s] Level 1:colcon.colcon_core.package_identification:_identify(/home/robousr/Documents/Practicas_ROS2/ros2_ws/src/examples) by extensions ['colcon_meta']
[4.616s] Level 1:colcon.colcon_core.package_identification:_identify(/home/robousr/Documents/Practicas_ROS2/ros2_ws/src/examples) by extension 'colcon_meta'
[4.617s] Level 1:colcon.colcon_core.package_identification:_identify(/home/robousr/Documents/Practicas_ROS2/ros2_ws/src/examples) by extensions ['ros']
[4.618s] Level 1:colcon.colcon_core.package_identification:_identify(/home/robousr/Documents/Practicas_ROS2/ros2_ws/src/examples) by extension 'ros'
[4.619s] Level 1:colcon.colcon_core.package_identification:_identify(/home/robousr/Documents/Practicas_ROS2/ros2_ws/src/examples) by extensions ['cmake', 'python']
[4.620s] Level 1:colcon.colcon_core.package_identification:_identify(/home/robousr/Documents/Practicas_ROS2/ros2_ws/src/examples) by extension 'cmake'
[4.621s] Level 1:colcon.colcon_core.package_identification:_identify(/home/robousr/Documents/Practicas_ROS2/ros2_ws/src/examples) by extension 'python'
[4.621s] Level 1:colcon.colcon_core.package_identification:_identify(/home/robousr/Documents/Practicas_ROS2/ros2_ws/src/examples) by extensions ['python_setup_py']
[4.621s] Level 1:colcon.colcon_core.package_identification:_identify(/home/robousr/Documents/Practicas_ROS2/ros2_ws/src/examples) by extension 'python_setup_py'
[4.622s] Level 1:colcon.colcon_core.package_identification:_identify(/home/robousr/Documents/Practicas_ROS2/ros2_ws/src/examples/launch_testing) by extensions ['ignore', 'ignore_ament_install']
[4.622s] Level 1:colcon.colcon_core.package_identification:_identify(/home/robousr/Documents/Practicas_ROS2/ros2_ws/src/examples/launch_testing) by extension 'ignore'
[4.622s] Level 1:colcon.colcon_core.package_identification:_identify(/home/robousr/Documents/Practicas_ROS2/ros2_ws/src/examples/launch_testing) by extension 'ignore_ament_install'
[4.623s] Level 1:colcon.colcon_core.package_identification:_identify(/home/robousr/Documents/Practicas_ROS2/ros2_ws/src/examples/launch_testing) by extensions ['colcon_pkg']
[4.623s] Level 1:colcon.colcon_core.package_identification:_identify(/home/robousr/Documents/Practicas_ROS2/ros2_ws/src/examples/launch_testing) by extension 'colcon_pkg'
[4.624s] Level 1:colcon.colcon_core.package_identification:_identify(/home/robousr/Documents/Practicas_ROS2/ros2_ws/src/examples/launch_testing) by extensions ['colcon_meta']
[4.624s] Level 1:colcon.colcon_core.package_identification:_identify(/home/robousr/Documents/Practicas_ROS2/ros2_ws/src/examples/launch_testing) by extension 'colcon_meta'
[4.624s] Level 1:colcon.colcon_core.package_identification:_identify(/home/robousr/Documents/Practicas_ROS2/ros2_ws/src/examples/launch_testing) by extensions ['ros']
[4.624s] Level 1:colcon.colcon_core.package_identification:_identify(/home/robousr/Documents/Practicas_ROS2/ros2_ws/src/examples/launch_testing) by extension 'ros'
[4.624s] Level 1:colcon.colcon_core.package_identification:_identify(/home/robousr/Documents/Practicas_ROS2/ros2_ws/src/examples/launch_testing) by extensions ['cmake', 'python']
[4.624s] Level 1:colcon.colcon_core.package_identification:_identify(/home/robousr/Documents/Practicas_ROS2/ros2_ws/src/examples/launch_testing) by extension 'cmake'
[4.625s] Level 1:colcon.colcon_core.package_identification:_identify(/home/robousr/Documents/Practicas_ROS2/ros2_ws/src/examples/launch_testing) by extension 'python'
[4.625s] Level 1:colcon.colcon_core.package_identification:_identify(/home/robousr/Documents/Practicas_ROS2/ros2_ws/src/examples/launch_testing) by extensions ['python_setup_py']
[4.626s] Level 1:colcon.colcon_core.package_identification:_identify(/home/robousr/Documents/Practicas_ROS2/ros2_ws/src/examples/launch_testing) by extension 'python_setup_py'
[4.626s] Level 1:colcon.colcon_core.package_identification:_identify(/home/robousr/Documents/Practicas_ROS2/ros2_ws/src/examples/launch_testing/launch_testing_examples) by extensions ['ignore', 'ignore_ament_install']
[4.627s] Level 1:colcon.colcon_core.package_identification:_identify(/home/robousr/Documents/Practicas_ROS2/ros2_ws/src/examples/launch_testing/launch_testing_examples) by extension 'ignore'
[4.628s] Level 1:colcon.colcon_core.package_identification:_identify(/home/robousr/Documents/Practicas_ROS2/ros2_ws/src/examples/launch_testing/launch_testing_examples) by extension 'ignore_ament_install'
[4.628s] Level 1:colcon.colcon_core.package_identification:_identify(/home/robousr/Documents/Practicas_ROS2/ros2_ws/src/examples/launch_testing/launch_testing_examples) by extensions ['colcon_pkg']
[4.628s] Level 1:colcon.colcon_core.package_identification:_identify(/home/robousr/Documents/Practicas_ROS2/ros2_ws/src/examples/launch_testing/launch_testing_examples) by extension 'colcon_pkg'
[4.629s] Level 1:colcon.colcon_core.package_identification:_identify(/home/robousr/Documents/Practicas_ROS2/ros2_ws/src/examples/launch_testing/launch_testing_examples) by extensions ['colcon_meta']
[4.630s] Level 1:colcon.colcon_core.package_identification:_identify(/home/robousr/Documents/Practicas_ROS2/ros2_ws/src/examples/launch_testing/launch_testing_examples) by extension 'colcon_meta'
[4.630s] Level 1:colcon.colcon_core.package_identification:_identify(/home/robousr/Documents/Practicas_ROS2/ros2_ws/src/examples/launch_testing/launch_testing_examples) by extensions ['ros']
[4.631s] Level 1:colcon.colcon_core.package_identification:_identify(/home/robousr/Documents/Practicas_ROS2/ros2_ws/src/examples/launch_testing/launch_testing_examples) by extension 'ros'
[4.662s] DEBUG:colcon.colcon_core.package_identification:Package '/home/robousr/Documents/Practicas_ROS2/ros2_ws/src/examples/launch_testing/launch_testing_examples' with type 'ros.ament_python' and name 'launch_testing_examples'
[4.663s] Level 1:colcon.colcon_core.package_identification:_identify(/home/robousr/Documents/Practicas_ROS2/ros2_ws/src/examples/rclcpp) by extensions ['ignore', 'ignore_ament_install']
[4.663s] Level 1:colcon.colcon_core.package_identification:_identify(/home/robousr/Documents/Practicas_ROS2/ros2_ws/src/examples/rclcpp) by extension 'ignore'
[4.664s] Level 1:colcon.colcon_core.package_identification:_identify(/home/robousr/Documents/Practicas_ROS2/ros2_ws/src/examples/rclcpp) by extension 'ignore_ament_install'
[4.664s] Level 1:colcon.colcon_core.package_identification:_identify(/home/robousr/Documents/Practicas_ROS2/ros2_ws/src/examples/rclcpp) by extensions ['colcon_pkg']
[4.665s] Level 1:colcon.colcon_core.package_identification:_identify(/home/robousr/Documents/Practicas_ROS2/ros2_ws/src/examples/rclcpp) by extension 'colcon_pkg'
[4.666s] Level 1:colcon.colcon_core.package_identification:_identify(/home/robousr/Documents/Practicas_ROS2/ros2_ws/src/examples/rclcpp) by extensions ['colcon_meta']
[4.667s] Level 1:colcon.colcon_core.package_identification:_identify(/home/robousr/Documents/Practicas_ROS2/ros2_ws/src/examples/rclcpp) by extension 'colcon_meta'
[4.667s] Level 1:colcon.colcon_core.package_identification:_identify(/home/robousr/Documents/Practicas_ROS2/ros2_ws/src/examples/rclcpp) by extensions ['ros']
[4.667s] Level 1:colcon.colcon_core.package_identification:_identify(/home/robousr/Documents/Practicas_ROS2/ros2_ws/src/examples/rclcpp) by extension 'ros'
[4.668s] Level 1:colcon.colcon_core.package_identification:_identify(/home/robousr/Documents/Practicas_ROS2/ros2_ws/src/examples/rclcpp) by extensions ['cmake', 'python']
[4.668s] Level 1:colcon.colcon_core.package_identification:_identify(/home/robousr/Documents/Practicas_ROS2/ros2_ws/src/examples/rclcpp) by extension 'cmake'
[4.668s] Level 1:colcon.colcon_core.package_identification:_identify(/home/robousr/Documents/Practicas_ROS2/ros2_ws/src/examples/rclcpp) by extension 'python'
[4.668s] Level 1:colcon.colcon_core.package_identification:_identify(/home/robousr/Documents/Practicas_ROS2/ros2_ws/src/examples/rclcpp) by extensions ['python_setup_py']
[4.668s] Level 1:colcon.colcon_core.package_identification:_identify(/home/robousr/Documents/Practicas_ROS2/ros2_ws/src/examples/rclcpp) by extension 'python_setup_py'
[4.668s] Level 1:colcon.colcon_core.package_identification:_identify(/home/robousr/Documents/Practicas_ROS2/ros2_ws/src/examples/rclcpp/actions) by extensions ['ignore', 'ignore_ament_install']
[4.669s] Level 1:colcon.colcon_core.package_identification:_identify(/home/robousr/Documents/Practicas_ROS2/ros2_ws/src/examples/rclcpp/actions) by extension 'ignore'
[4.670s] Level 1:colcon.colcon_core.package_identification:_identify(/home/robousr/Documents/Practicas_ROS2/ros2_ws/src/examples/rclcpp/actions) by extension 'ignore_ament_install'
[4.670s] Level 1:colcon.colcon_core.package_identification:_identify(/home/robousr/Documents/Practicas_ROS2/ros2_ws/src/examples/rclcpp/actions) by extensions ['colcon_pkg']
[4.671s] Level 1:colcon.colcon_core.package_identification:_identify(/home/robousr/Documents/Practicas_ROS2/ros2_ws/src/examples/rclcpp/actions) by extension 'colcon_pkg'
[4.671s] Level 1:colcon.colcon_core.package_identification:_identify(/home/robousr/Documents/Practicas_ROS2/ros2_ws/src/examples/rclcpp/actions) by extensions ['colcon_meta']
[4.671s] Level 1:colcon.colcon_core.package_identification:_identify(/home/robousr/Documents/Practicas_ROS2/ros2_ws/src/examples/rclcpp/actions) by extension 'colcon_meta'
[4.678s] Level 1:colcon.colcon_core.package_identification:_identify(/home/robousr/Documents/Practicas_ROS2/ros2_ws/src/examples/rclcpp/actions) by extensions ['ros']
[4.678s] Level 1:colcon.colcon_core.package_identification:_identify(/home/robousr/Documents/Practicas_ROS2/ros2_ws/src/examples/rclcpp/actions) by extension 'ros'
[4.678s] Level 1:colcon.colcon_core.package_identification:_identify(/home/robousr/Documents/Practicas_ROS2/ros2_ws/src/examples/rclcpp/actions) by extensions ['cmake', 'python']
[4.678s] Level 1:colcon.colcon_core.package_identification:_identify(/home/robousr/Documents/Practicas_ROS2/ros2_ws/src/examples/rclcpp/actions) by extension 'cmake'
[4.678s] Level 1:colcon.colcon_core.package_identification:_identify(/home/robousr/Documents/Practicas_ROS2/ros2_ws/src/examples/rclcpp/actions) by extension 'python'
[4.679s] Level 1:colcon.colcon_core.package_identification:_identify(/home/robousr/Documents/Practicas_ROS2/ros2_ws/src/examples/rclcpp/actions) by extensions ['python_setup_py']
[4.679s] Level 1:colcon.colcon_core.package_identification:_identify(/home/robousr/Documents/Practicas_ROS2/ros2_ws/src/examples/rclcpp/actions) by extension 'python_setup_py'
[4.679s] Level 1:colcon.colcon_core.package_identification:_identify(/home/robousr/Documents/Practicas_ROS2/ros2_ws/src/examples/rclcpp/actions/minimal_action_client) by extensions ['ignore', 'ignore_ament_install']
[4.685s] Level 1:colcon.colcon_core.package_identification:_identify(/home/robousr/Documents/Practicas_ROS2/ros2_ws/src/examples/rclcpp/actions/minimal_action_client) by extension 'ignore'
[4.685s] Level 1:colcon.colcon_core.package_identification:_identify(/home/robousr/Documents/Practicas_ROS2/ros2_ws/src/examples/rclcpp/actions/minimal_action_client) by extension 'ignore_ament_install'
[4.685s] Level 1:colcon.colcon_core.package_identification:_identify(/home/robousr/Documents/Practicas_ROS2/ros2_ws/src/examples/rclcpp/actions/minimal_action_client) by extensions ['colcon_pkg']
[4.685s] Level 1:colcon.colcon_core.package_identification:_identify(/home/robousr/Documents/Practicas_ROS2/ros2_ws/src/examples/rclcpp/actions/minimal_action_client) by extension 'colcon_pkg'
[4.685s] Level 1:colcon.colcon_core.package_identification:_identify(/home/robousr/Documents/Practicas_ROS2/ros2_ws/src/examples/rclcpp/actions/minimal_action_client) by extensions ['colcon_meta']
[4.686s] Level 1:colcon.colcon_core.package_identification:_identify(/home/robousr/Documents/Practicas_ROS2/ros2_ws/src/examples/rclcpp/actions/minimal_action_client) by extension 'colcon_meta'
[4.686s] Level 1:colcon.colcon_core.package_identification:_identify(/home/robousr/Documents/Practicas_ROS2/ros2_ws/src/examples/rclcpp/actions/minimal_action_client) by extensions ['ros']
[4.686s] Level 1:colcon.colcon_core.package_identification:_identify(/home/robousr/Documents/Practicas_ROS2/ros2_ws/src/examples/rclcpp/actions/minimal_action_client) by extension 'ros'
[4.703s] DEBUG:colcon.colcon_core.package_identification:Package '/home/robousr/Documents/Practicas_ROS2/ros2_ws/src/examples/rclcpp/actions/minimal_action_client' with type 'ros.ament_cmake' and name 'examples_rclcpp_minimal_action_client'
[4.704s] Level 1:colcon.colcon_core.package_identification:_identify(/home/robousr/Documents/Practicas_ROS2/ros2_ws/src/examples/rclcpp/actions/minimal_action_server) by extensions ['ignore', 'ignore_ament_install']
[4.704s] Level 1:colcon.colcon_core.package_identification:_identify(/home/robousr/Documents/Practicas_ROS2/ros2_ws/src/examples/rclcpp/actions/minimal_action_server) by extension 'ignore'
[4.712s] Level 1:colcon.colcon_core.package_identification:_identify(/home/robousr/Documents/Practicas_ROS2/ros2_ws/src/examples/rclcpp/actions/minimal_action_server) by extension 'ignore_ament_install'
[4.712s] Level 1:colcon.colcon_core.package_identification:_identify(/home/robousr/Documents/Practicas_ROS2/ros2_ws/src/examples/rclcpp/actions/minimal_action_server) by extensions ['colcon_pkg']
[4.712s] Level 1:colcon.colcon_core.package_identification:_identify(/home/robousr/Documents/Practicas_ROS2/ros2_ws/src/examples/rclcpp/actions/minimal_action_server) by extension 'colcon_pkg'
[4.712s] Level 1:colcon.colcon_core.package_identification:_identify(/home/robousr/Documents/Practicas_ROS2/ros2_ws/src/examples/rclcpp/actions/minimal_action_server) by extensions ['colcon_meta']
[4.713s] Level 1:colcon.colcon_core.package_identification:_identify(/home/robousr/Documents/Practicas_ROS2/ros2_ws/src/examples/rclcpp/actions/minimal_action_server) by extension 'colcon_meta'
[4.717s] Level 1:colcon.colcon_core.package_identification:_identify(/home/robousr/Documents/Practicas_ROS2/ros2_ws/src/examples/rclcpp/actions/minimal_action_server) by extensions ['ros']
[4.717s] Level 1:colcon.colcon_core.package_identification:_identify(/home/robousr/Documents/Practicas_ROS2/ros2_ws/src/examples/rclcpp/actions/minimal_action_server) by extension 'ros'
[4.728s] DEBUG:colcon.colcon_core.package_identification:Package '/home/robousr/Documents/Practicas_ROS2/ros2_ws/src/examples/rclcpp/actions/minimal_action_server' with type 'ros.ament_cmake' and name 'examples_rclcpp_minimal_action_server'
[4.728s] Level 1:colcon.colcon_core.package_identification:_identify(/home/robousr/Documents/Practicas_ROS2/ros2_ws/src/examples/rclcpp/composition) by extensions ['ignore', 'ignore_ament_install']
[4.729s] Level 1:colcon.colcon_core.package_identification:_identify(/home/robousr/Documents/Practicas_ROS2/ros2_ws/src/examples/rclcpp/composition) by extension 'ignore'
[4.729s] Level 1:colcon.colcon_core.package_identification:_identify(/home/robousr/Documents/Practicas_ROS2/ros2_ws/src/examples/rclcpp/composition) by extension 'ignore_ament_install'
[4.729s] Level 1:colcon.colcon_core.package_identification:_identify(/home/robousr/Documents/Practicas_ROS2/ros2_ws/src/examples/rclcpp/composition) by extensions ['colcon_pkg']
[4.729s] Level 1:colcon.colcon_core.package_identification:_identify(/home/robousr/Documents/Practicas_ROS2/ros2_ws/src/examples/rclcpp/composition) by extension 'colcon_pkg'
[4.739s] Level 1:colcon.colcon_core.package_identification:_identify(/home/robousr/Documents/Practicas_ROS2/ros2_ws/src/examples/rclcpp/composition) by extensions ['colcon_meta']
[4.739s] Level 1:colcon.colcon_core.package_identification:_identify(/home/robousr/Documents/Practicas_ROS2/ros2_ws/src/examples/rclcpp/composition) by extension 'colcon_meta'
[4.740s] Level 1:colcon.colcon_core.package_identification:_identify(/home/robousr/Documents/Practicas_ROS2/ros2_ws/src/examples/rclcpp/composition) by extensions ['ros']
[4.740s] Level 1:colcon.colcon_core.package_identification:_identify(/home/robousr/Documents/Practicas_ROS2/ros2_ws/src/examples/rclcpp/composition) by extension 'ros'
[4.740s] Level 1:colcon.colcon_core.package_identification:_identify(/home/robousr/Documents/Practicas_ROS2/ros2_ws/src/examples/rclcpp/composition) by extensions ['cmake', 'python']
[4.740s] Level 1:colcon.colcon_core.package_identification:_identify(/home/robousr/Documents/Practicas_ROS2/ros2_ws/src/examples/rclcpp/composition) by extension 'cmake'
[4.740s] Level 1:colcon.colcon_core.package_identification:_identify(/home/robousr/Documents/Practicas_ROS2/ros2_ws/src/examples/rclcpp/composition) by extension 'python'
[4.740s] Level 1:colcon.colcon_core.package_identification:_identify(/home/robousr/Documents/Practicas_ROS2/ros2_ws/src/examples/rclcpp/composition) by extensions ['python_setup_py']
[4.740s] Level 1:colcon.colcon_core.package_identification:_identify(/home/robousr/Documents/Practicas_ROS2/ros2_ws/src/examples/rclcpp/composition) by extension 'python_setup_py'
[4.740s] Level 1:colcon.colcon_core.package_identification:_identify(/home/robousr/Documents/Practicas_ROS2/ros2_ws/src/examples/rclcpp/composition/minimal_composition) by extensions ['ignore', 'ignore_ament_install']
[4.748s] Level 1:colcon.colcon_core.package_identification:_identify(/home/robousr/Documents/Practicas_ROS2/ros2_ws/src/examples/rclcpp/composition/minimal_composition) by extension 'ignore'
[4.748s] Level 1:colcon.colcon_core.package_identification:_identify(/home/robousr/Documents/Practicas_ROS2/ros2_ws/src/examples/rclcpp/composition/minimal_composition) by extension 'ignore_ament_install'
[4.749s] Level 1:colcon.colcon_core.package_identification:_identify(/home/robousr/Documents/Practicas_ROS2/ros2_ws/src/examples/rclcpp/composition/minimal_composition) by extensions ['colcon_pkg']
[4.749s] Level 1:colcon.colcon_core.package_identification:_identify(/home/robousr/Documents/Practicas_ROS2/ros2_ws/src/examples/rclcpp/composition/minimal_composition) by extension 'colcon_pkg'
[4.749s] Level 1:colcon.colcon_core.package_identification:_identify(/home/robousr/Documents/Practicas_ROS2/ros2_ws/src/examples/rclcpp/composition/minimal_composition) by extensions ['colcon_meta']
[4.749s] Level 1:colcon.colcon_core.package_identification:_identify(/home/robousr/Documents/Practicas_ROS2/ros2_ws/src/examples/rclcpp/composition/minimal_composition) by extension 'colcon_meta'
[4.756s] Level 1:colcon.colcon_core.package_identification:_identify(/home/robousr/Documents/Practicas_ROS2/ros2_ws/src/examples/rclcpp/composition/minimal_composition) by extensions ['ros']
[4.757s] Level 1:colcon.colcon_core.package_identification:_identify(/home/robousr/Documents/Practicas_ROS2/ros2_ws/src/examples/rclcpp/composition/minimal_composition) by extension 'ros'
[4.769s] DEBUG:colcon.colcon_core.package_identification:Package '/home/robousr/Documents/Practicas_ROS2/ros2_ws/src/examples/rclcpp/composition/minimal_composition' with type 'ros.ament_cmake' and name 'examples_rclcpp_minimal_composition'
[4.769s] Level 1:colcon.colcon_core.package_identification:_identify(/home/robousr/Documents/Practicas_ROS2/ros2_ws/src/examples/rclcpp/executors) by extensions ['ignore', 'ignore_ament_install']
[4.781s] Level 1:colcon.colcon_core.package_identification:_identify(/home/robousr/Documents/Practicas_ROS2/ros2_ws/src/examples/rclcpp/executors) by extension 'ignore'
[4.781s] Level 1:colcon.colcon_core.package_identification:_identify(/home/robousr/Documents/Practicas_ROS2/ros2_ws/src/examples/rclcpp/executors) by extension 'ignore_ament_install'
[4.781s] Level 1:colcon.colcon_core.package_identification:_identify(/home/robousr/Documents/Practicas_ROS2/ros2_ws/src/examples/rclcpp/executors) by extensions ['colcon_pkg']
[4.781s] Level 1:colcon.colcon_core.package_identification:_identify(/home/robousr/Documents/Practicas_ROS2/ros2_ws/src/examples/rclcpp/executors) by extension 'colcon_pkg'
[4.781s] Level 1:colcon.colcon_core.package_identification:_identify(/home/robousr/Documents/Practicas_ROS2/ros2_ws/src/examples/rclcpp/executors) by extensions ['colcon_meta']
[4.781s] Level 1:colcon.colcon_core.package_identification:_identify(/home/robousr/Documents/Practicas_ROS2/ros2_ws/src/examples/rclcpp/executors) by extension 'colcon_meta'
[4.782s] Level 1:colcon.colcon_core.package_identification:_identify(/home/robousr/Documents/Practicas_ROS2/ros2_ws/src/examples/rclcpp/executors) by extensions ['ros']
[4.782s] Level 1:colcon.colcon_core.package_identification:_identify(/home/robousr/Documents/Practicas_ROS2/ros2_ws/src/examples/rclcpp/executors) by extension 'ros'
[4.782s] Level 1:colcon.colcon_core.package_identification:_identify(/home/robousr/Documents/Practicas_ROS2/ros2_ws/src/examples/rclcpp/executors) by extensions ['cmake', 'python']
[4.782s] Level 1:colcon.colcon_core.package_identification:_identify(/home/robousr/Documents/Practicas_ROS2/ros2_ws/src/examples/rclcpp/executors) by extension 'cmake'
[4.782s] Level 1:colcon.colcon_core.package_identification:_identify(/home/robousr/Documents/Practicas_ROS2/ros2_ws/src/examples/rclcpp/executors) by extension 'python'
[4.782s] Level 1:colcon.colcon_core.package_identification:_identify(/home/robousr/Documents/Practicas_ROS2/ros2_ws/src/examples/rclcpp/executors) by extensions ['python_setup_py']
[4.788s] Level 1:colcon.colcon_core.package_identification:_identify(/home/robousr/Documents/Practicas_ROS2/ros2_ws/src/examples/rclcpp/executors) by extension 'python_setup_py'
[4.789s] Level 1:colcon.colcon_core.package_identification:_identify(/home/robousr/Documents/Practicas_ROS2/ros2_ws/src/examples/rclcpp/executors/cbg_executor) by extensions ['ignore', 'ignore_ament_install']
[4.789s] Level 1:colcon.colcon_core.package_identification:_identify(/home/robousr/Documents/Practicas_ROS2/ros2_ws/src/examples/rclcpp/executors/cbg_executor) by extension 'ignore'
[4.789s] Level 1:colcon.colcon_core.package_identification:_identify(/home/robousr/Documents/Practicas_ROS2/ros2_ws/src/examples/rclcpp/executors/cbg_executor) by extension 'ignore_ament_install'
[4.789s] Level 1:colcon.colcon_core.package_identification:_identify(/home/robousr/Documents/Practicas_ROS2/ros2_ws/src/examples/rclcpp/executors/cbg_executor) by extensions ['colcon_pkg']
[4.789s] Level 1:colcon.colcon_core.package_identification:_identify(/home/robousr/Documents/Practicas_ROS2/ros2_ws/src/examples/rclcpp/executors/cbg_executor) by extension 'colcon_pkg'
[4.789s] Level 1:colcon.colcon_core.package_identification:_identify(/home/robousr/Documents/Practicas_ROS2/ros2_ws/src/examples/rclcpp/executors/cbg_executor) by extensions ['colcon_meta']
[4.789s] Level 1:colcon.colcon_core.package_identification:_identify(/home/robousr/Documents/Practicas_ROS2/ros2_ws/src/examples/rclcpp/executors/cbg_executor) by extension 'colcon_meta'
[4.792s] Level 1:colcon.colcon_core.package_identification:_identify(/home/robousr/Documents/Practicas_ROS2/ros2_ws/src/examples/rclcpp/executors/cbg_executor) by extensions ['ros']
[4.793s] Level 1:colcon.colcon_core.package_identification:_identify(/home/robousr/Documents/Practicas_ROS2/ros2_ws/src/examples/rclcpp/executors/cbg_executor) by extension 'ros'
[4.800s] DEBUG:colcon.colcon_core.package_identification:Package '/home/robousr/Documents/Practicas_ROS2/ros2_ws/src/examples/rclcpp/executors/cbg_executor' with type 'ros.ament_cmake' and name 'examples_rclcpp_cbg_executor'
[4.801s] Level 1:colcon.colcon_core.package_identification:_identify(/home/robousr/Documents/Practicas_ROS2/ros2_ws/src/examples/rclcpp/executors/multithreaded_executor) by extensions ['ignore', 'ignore_ament_install']
[4.801s] Level 1:colcon.colcon_core.package_identification:_identify(/home/robousr/Documents/Practicas_ROS2/ros2_ws/src/examples/rclcpp/executors/multithreaded_executor) by extension 'ignore'
[4.802s] Level 1:colcon.colcon_core.package_identification:_identify(/home/robousr/Documents/Practicas_ROS2/ros2_ws/src/examples/rclcpp/executors/multithreaded_executor) by extension 'ignore_ament_install'
[4.802s] Level 1:colcon.colcon_core.package_identification:_identify(/home/robousr/Documents/Practicas_ROS2/ros2_ws/src/examples/rclcpp/executors/multithreaded_executor) by extensions ['colcon_pkg']
[4.802s] Level 1:colcon.colcon_core.package_identification:_identify(/home/robousr/Documents/Practicas_ROS2/ros2_ws/src/examples/rclcpp/executors/multithreaded_executor) by extension 'colcon_pkg'
[4.802s] Level 1:colcon.colcon_core.package_identification:_identify(/home/robousr/Documents/Practicas_ROS2/ros2_ws/src/examples/rclcpp/executors/multithreaded_executor) by extensions ['colcon_meta']
[4.802s] Level 1:colcon.colcon_core.package_identification:_identify(/home/robousr/Documents/Practicas_ROS2/ros2_ws/src/examples/rclcpp/executors/multithreaded_executor) by extension 'colcon_meta'
[4.802s] Level 1:colcon.colcon_core.package_identification:_identify(/home/robousr/Documents/Practicas_ROS2/ros2_ws/src/examples/rclcpp/executors/multithreaded_executor) by extensions ['ros']
[4.802s] Level 1:colcon.colcon_core.package_identification:_identify(/home/robousr/Documents/Practicas_ROS2/ros2_ws/src/examples/rclcpp/executors/multithreaded_executor) by extension 'ros'
[4.807s] DEBUG:colcon.colcon_core.package_identification:Package '/home/robousr/Documents/Practicas_ROS2/ros2_ws/src/examples/rclcpp/executors/multithreaded_executor' with type 'ros.ament_cmake' and name 'examples_rclcpp_multithreaded_executor'
[4.814s] Level 1:colcon.colcon_core.package_identification:_identify(/home/robousr/Documents/Practicas_ROS2/ros2_ws/src/examples/rclcpp/services) by extensions ['ignore', 'ignore_ament_install']
[4.814s] Level 1:colcon.colcon_core.package_identification:_identify(/home/robousr/Documents/Practicas_ROS2/ros2_ws/src/examples/rclcpp/services) by extension 'ignore'
[4.814s] Level 1:colcon.colcon_core.package_identification:_identify(/home/robousr/Documents/Practicas_ROS2/ros2_ws/src/examples/rclcpp/services) by extension 'ignore_ament_install'
[4.816s] Level 1:colcon.colcon_core.package_identification:_identify(/home/robousr/Documents/Practicas_ROS2/ros2_ws/src/examples/rclcpp/services) by extensions ['colcon_pkg']
[4.818s] Level 1:colcon.colcon_core.package_identification:_identify(/home/robousr/Documents/Practicas_ROS2/ros2_ws/src/examples/rclcpp/services) by extension 'colcon_pkg'
[4.818s] Level 1:colcon.colcon_core.package_identification:_identify(/home/robousr/Documents/Practicas_ROS2/ros2_ws/src/examples/rclcpp/services) by extensions ['colcon_meta']
[4.819s] Level 1:colcon.colcon_core.package_identification:_identify(/home/robousr/Documents/Practicas_ROS2/ros2_ws/src/examples/rclcpp/services) by extension 'colcon_meta'
[4.819s] Level 1:colcon.colcon_core.package_identification:_identify(/home/robousr/Documents/Practicas_ROS2/ros2_ws/src/examples/rclcpp/services) by extensions ['ros']
[4.822s] Level 1:colcon.colcon_core.package_identification:_identify(/home/robousr/Documents/Practicas_ROS2/ros2_ws/src/examples/rclcpp/services) by extension 'ros'
[4.822s] Level 1:colcon.colcon_core.package_identification:_identify(/home/robousr/Documents/Practicas_ROS2/ros2_ws/src/examples/rclcpp/services) by extensions ['cmake', 'python']
[4.822s] Level 1:colcon.colcon_core.package_identification:_identify(/home/robousr/Documents/Practicas_ROS2/ros2_ws/src/examples/rclcpp/services) by extension 'cmake'
[4.822s] Level 1:colcon.colcon_core.package_identification:_identify(/home/robousr/Documents/Practicas_ROS2/ros2_ws/src/examples/rclcpp/services) by extension 'python'
[4.823s] Level 1:colcon.colcon_core.package_identification:_identify(/home/robousr/Documents/Practicas_ROS2/ros2_ws/src/examples/rclcpp/services) by extensions ['python_setup_py']
[4.823s] Level 1:colcon.colcon_core.package_identification:_identify(/home/robousr/Documents/Practicas_ROS2/ros2_ws/src/examples/rclcpp/services) by extension 'python_setup_py'
[4.823s] Level 1:colcon.colcon_core.package_identification:_identify(/home/robousr/Documents/Practicas_ROS2/ros2_ws/src/examples/rclcpp/services/async_client) by extensions ['ignore', 'ignore_ament_install']
[4.823s] Level 1:colcon.colcon_core.package_identification:_identify(/home/robousr/Documents/Practicas_ROS2/ros2_ws/src/examples/rclcpp/services/async_client) by extension 'ignore'
[4.823s] Level 1:colcon.colcon_core.package_identification:_identify(/home/robousr/Documents/Practicas_ROS2/ros2_ws/src/examples/rclcpp/services/async_client) by extension 'ignore_ament_install'
[4.826s] Level 1:colcon.colcon_core.package_identification:_identify(/home/robousr/Documents/Practicas_ROS2/ros2_ws/src/examples/rclcpp/services/async_client) by extensions ['colcon_pkg']
[4.827s] Level 1:colcon.colcon_core.package_identification:_identify(/home/robousr/Documents/Practicas_ROS2/ros2_ws/src/examples/rclcpp/services/async_client) by extension 'colcon_pkg'
[4.827s] Level 1:colcon.colcon_core.package_identification:_identify(/home/robousr/Documents/Practicas_ROS2/ros2_ws/src/examples/rclcpp/services/async_client) by extensions ['colcon_meta']
[4.827s] Level 1:colcon.colcon_core.package_identification:_identify(/home/robousr/Documents/Practicas_ROS2/ros2_ws/src/examples/rclcpp/services/async_client) by extension 'colcon_meta'
[4.827s] Level 1:colcon.colcon_core.package_identification:_identify(/home/robousr/Documents/Practicas_ROS2/ros2_ws/src/examples/rclcpp/services/async_client) by extensions ['ros']
[4.827s] Level 1:colcon.colcon_core.package_identification:_identify(/home/robousr/Documents/Practicas_ROS2/ros2_ws/src/examples/rclcpp/services/async_client) by extension 'ros'
[4.828s] DEBUG:colcon.colcon_core.package_identification:Package '/home/robousr/Documents/Practicas_ROS2/ros2_ws/src/examples/rclcpp/services/async_client' with type 'ros.ament_cmake' and name 'examples_rclcpp_async_client'
[4.839s] Level 1:colcon.colcon_core.package_identification:_identify(/home/robousr/Documents/Practicas_ROS2/ros2_ws/src/examples/rclcpp/services/minimal_client) by extensions ['ignore', 'ignore_ament_install']
[4.840s] Level 1:colcon.colcon_core.package_identification:_identify(/home/robousr/Documents/Practicas_ROS2/ros2_ws/src/examples/rclcpp/services/minimal_client) by extension 'ignore'
[4.840s] Level 1:colcon.colcon_core.package_identification:_identify(/home/robousr/Documents/Practicas_ROS2/ros2_ws/src/examples/rclcpp/services/minimal_client) by extension 'ignore_ament_install'
[4.842s] Level 1:colcon.colcon_core.package_identification:_identify(/home/robousr/Documents/Practicas_ROS2/ros2_ws/src/examples/rclcpp/services/minimal_client) by extensions ['colcon_pkg']
[4.842s] Level 1:colcon.colcon_core.package_identification:_identify(/home/robousr/Documents/Practicas_ROS2/ros2_ws/src/examples/rclcpp/services/minimal_client) by extension 'colcon_pkg'
[4.845s] Level 1:colcon.colcon_core.package_identification:_identify(/home/robousr/Documents/Practicas_ROS2/ros2_ws/src/examples/rclcpp/services/minimal_client) by extensions ['colcon_meta']
[4.845s] Level 1:colcon.colcon_core.package_identification:_identify(/home/robousr/Documents/Practicas_ROS2/ros2_ws/src/examples/rclcpp/services/minimal_client) by extension 'colcon_meta'
[4.849s] Level 1:colcon.colcon_core.package_identification:_identify(/home/robousr/Documents/Practicas_ROS2/ros2_ws/src/examples/rclcpp/services/minimal_client) by extensions ['ros']
[4.851s] Level 1:colcon.colcon_core.package_identification:_identify(/home/robousr/Documents/Practicas_ROS2/ros2_ws/src/examples/rclcpp/services/minimal_client) by extension 'ros'
[4.865s] DEBUG:colcon.colcon_core.package_identification:Package '/home/robousr/Documents/Practicas_ROS2/ros2_ws/src/examples/rclcpp/services/minimal_client' with type 'ros.ament_cmake' and name 'examples_rclcpp_minimal_client'
[4.865s] Level 1:colcon.colcon_core.package_identification:_identify(/home/robousr/Documents/Practicas_ROS2/ros2_ws/src/examples/rclcpp/services/minimal_service) by extensions ['ignore', 'ignore_ament_install']
[4.867s] Level 1:colcon.colcon_core.package_identification:_identify(/home/robousr/Documents/Practicas_ROS2/ros2_ws/src/examples/rclcpp/services/minimal_service) by extension 'ignore'
[4.868s] Level 1:colcon.colcon_core.package_identification:_identify(/home/robousr/Documents/Practicas_ROS2/ros2_ws/src/examples/rclcpp/services/minimal_service) by extension 'ignore_ament_install'
[4.868s] Level 1:colcon.colcon_core.package_identification:_identify(/home/robousr/Documents/Practicas_ROS2/ros2_ws/src/examples/rclcpp/services/minimal_service) by extensions ['colcon_pkg']
[4.868s] Level 1:colcon.colcon_core.package_identification:_identify(/home/robousr/Documents/Practicas_ROS2/ros2_ws/src/examples/rclcpp/services/minimal_service) by extension 'colcon_pkg'
[4.868s] Level 1:colcon.colcon_core.package_identification:_identify(/home/robousr/Documents/Practicas_ROS2/ros2_ws/src/examples/rclcpp/services/minimal_service) by extensions ['colcon_meta']
[4.868s] Level 1:colcon.colcon_core.package_identification:_identify(/home/robousr/Documents/Practicas_ROS2/ros2_ws/src/examples/rclcpp/services/minimal_service) by extension 'colcon_meta'
[4.870s] Level 1:colcon.colcon_core.package_identification:_identify(/home/robousr/Documents/Practicas_ROS2/ros2_ws/src/examples/rclcpp/services/minimal_service) by extensions ['ros']
[4.870s] Level 1:colcon.colcon_core.package_identification:_identify(/home/robousr/Documents/Practicas_ROS2/ros2_ws/src/examples/rclcpp/services/minimal_service) by extension 'ros'
[4.879s] DEBUG:colcon.colcon_core.package_identification:Package '/home/robousr/Documents/Practicas_ROS2/ros2_ws/src/examples/rclcpp/services/minimal_service' with type 'ros.ament_cmake' and name 'examples_rclcpp_minimal_service'
[4.880s] Level 1:colcon.colcon_core.package_identification:_identify(/home/robousr/Documents/Practicas_ROS2/ros2_ws/src/examples/rclcpp/timers) by extensions ['ignore', 'ignore_ament_install']
[4.880s] Level 1:colcon.colcon_core.package_identification:_identify(/home/robousr/Documents/Practicas_ROS2/ros2_ws/src/examples/rclcpp/timers) by extension 'ignore'
[4.889s] Level 1:colcon.colcon_core.package_identification:_identify(/home/robousr/Documents/Practicas_ROS2/ros2_ws/src/examples/rclcpp/timers) by extension 'ignore_ament_install'
[4.889s] Level 1:colcon.colcon_core.package_identification:_identify(/home/robousr/Documents/Practicas_ROS2/ros2_ws/src/examples/rclcpp/timers) by extensions ['colcon_pkg']
[4.889s] Level 1:colcon.colcon_core.package_identification:_identify(/home/robousr/Documents/Practicas_ROS2/ros2_ws/src/examples/rclcpp/timers) by extension 'colcon_pkg'
[4.889s] Level 1:colcon.colcon_core.package_identification:_identify(/home/robousr/Documents/Practicas_ROS2/ros2_ws/src/examples/rclcpp/timers) by extensions ['colcon_meta']
[4.890s] Level 1:colcon.colcon_core.package_identification:_identify(/home/robousr/Documents/Practicas_ROS2/ros2_ws/src/examples/rclcpp/timers) by extension 'colcon_meta'
[4.890s] Level 1:colcon.colcon_core.package_identification:_identify(/home/robousr/Documents/Practicas_ROS2/ros2_ws/src/examples/rclcpp/timers) by extensions ['ros']
[4.890s] Level 1:colcon.colcon_core.package_identification:_identify(/home/robousr/Documents/Practicas_ROS2/ros2_ws/src/examples/rclcpp/timers) by extension 'ros'
[4.894s] Level 1:colcon.colcon_core.package_identification:_identify(/home/robousr/Documents/Practicas_ROS2/ros2_ws/src/examples/rclcpp/timers) by extensions ['cmake', 'python']
[4.894s] Level 1:colcon.colcon_core.package_identification:_identify(/home/robousr/Documents/Practicas_ROS2/ros2_ws/src/examples/rclcpp/timers) by extension 'cmake'
[4.894s] Level 1:colcon.colcon_core.package_identification:_identify(/home/robousr/Documents/Practicas_ROS2/ros2_ws/src/examples/rclcpp/timers) by extension 'python'
[4.894s] Level 1:colcon.colcon_core.package_identification:_identify(/home/robousr/Documents/Practicas_ROS2/ros2_ws/src/examples/rclcpp/timers) by extensions ['python_setup_py']
[4.895s] Level 1:colcon.colcon_core.package_identification:_identify(/home/robousr/Documents/Practicas_ROS2/ros2_ws/src/examples/rclcpp/timers) by extension 'python_setup_py'
[4.895s] Level 1:colcon.colcon_core.package_identification:_identify(/home/robousr/Documents/Practicas_ROS2/ros2_ws/src/examples/rclcpp/timers/minimal_timer) by extensions ['ignore', 'ignore_ament_install']
[4.895s] Level 1:colcon.colcon_core.package_identification:_identify(/home/robousr/Documents/Practicas_ROS2/ros2_ws/src/examples/rclcpp/timers/minimal_timer) by extension 'ignore'
[4.895s] Level 1:colcon.colcon_core.package_identification:_identify(/home/robousr/Documents/Practicas_ROS2/ros2_ws/src/examples/rclcpp/timers/minimal_timer) by extension 'ignore_ament_install'
[4.895s] Level 1:colcon.colcon_core.package_identification:_identify(/home/robousr/Documents/Practicas_ROS2/ros2_ws/src/examples/rclcpp/timers/minimal_timer) by extensions ['colcon_pkg']
[4.895s] Level 1:colcon.colcon_core.package_identification:_identify(/home/robousr/Documents/Practicas_ROS2/ros2_ws/src/examples/rclcpp/timers/minimal_timer) by extension 'colcon_pkg'
[4.900s] Level 1:colcon.colcon_core.package_identification:_identify(/home/robousr/Documents/Practicas_ROS2/ros2_ws/src/examples/rclcpp/timers/minimal_timer) by extensions ['colcon_meta']
[4.900s] Level 1:colcon.colcon_core.package_identification:_identify(/home/robousr/Documents/Practicas_ROS2/ros2_ws/src/examples/rclcpp/timers/minimal_timer) by extension 'colcon_meta'
[4.900s] Level 1:colcon.colcon_core.package_identification:_identify(/home/robousr/Documents/Practicas_ROS2/ros2_ws/src/examples/rclcpp/timers/minimal_timer) by extensions ['ros']
[4.900s] Level 1:colcon.colcon_core.package_identification:_identify(/home/robousr/Documents/Practicas_ROS2/ros2_ws/src/examples/rclcpp/timers/minimal_timer) by extension 'ros'
[4.908s] DEBUG:colcon.colcon_core.package_identification:Package '/home/robousr/Documents/Practicas_ROS2/ros2_ws/src/examples/rclcpp/timers/minimal_timer' with type 'ros.ament_cmake' and name 'examples_rclcpp_minimal_timer'
[4.916s] Level 1:colcon.colcon_core.package_identification:_identify(/home/robousr/Documents/Practicas_ROS2/ros2_ws/src/examples/rclcpp/topics) by extensions ['ignore', 'ignore_ament_install']
[4.918s] Level 1:colcon.colcon_core.package_identification:_identify(/home/robousr/Documents/Practicas_ROS2/ros2_ws/src/examples/rclcpp/topics) by extension 'ignore'
[4.919s] Level 1:colcon.colcon_core.package_identification:_identify(/home/robousr/Documents/Practicas_ROS2/ros2_ws/src/examples/rclcpp/topics) by extension 'ignore_ament_install'
[4.919s] Level 1:colcon.colcon_core.package_identification:_identify(/home/robousr/Documents/Practicas_ROS2/ros2_ws/src/examples/rclcpp/topics) by extensions ['colcon_pkg']
[4.919s] Level 1:colcon.colcon_core.package_identification:_identify(/home/robousr/Documents/Practicas_ROS2/ros2_ws/src/examples/rclcpp/topics) by extension 'colcon_pkg'
[4.919s] Level 1:colcon.colcon_core.package_identification:_identify(/home/robousr/Documents/Practicas_ROS2/ros2_ws/src/examples/rclcpp/topics) by extensions ['colcon_meta']
[4.919s] Level 1:colcon.colcon_core.package_identification:_identify(/home/robousr/Documents/Practicas_ROS2/ros2_ws/src/examples/rclcpp/topics) by extension 'colcon_meta'
[4.925s] Level 1:colcon.colcon_core.package_identification:_identify(/home/robousr/Documents/Practicas_ROS2/ros2_ws/src/examples/rclcpp/topics) by extensions ['ros']
[4.925s] Level 1:colcon.colcon_core.package_identification:_identify(/home/robousr/Documents/Practicas_ROS2/ros2_ws/src/examples/rclcpp/topics) by extension 'ros'
[4.925s] Level 1:colcon.colcon_core.package_identification:_identify(/home/robousr/Documents/Practicas_ROS2/ros2_ws/src/examples/rclcpp/topics) by extensions ['cmake', 'python']
[4.925s] Level 1:colcon.colcon_core.package_identification:_identify(/home/robousr/Documents/Practicas_ROS2/ros2_ws/src/examples/rclcpp/topics) by extension 'cmake'
[4.926s] Level 1:colcon.colcon_core.package_identification:_identify(/home/robousr/Documents/Practicas_ROS2/ros2_ws/src/examples/rclcpp/topics) by extension 'python'
[4.926s] Level 1:colcon.colcon_core.package_identification:_identify(/home/robousr/Documents/Practicas_ROS2/ros2_ws/src/examples/rclcpp/topics) by extensions ['python_setup_py']
[4.926s] Level 1:colcon.colcon_core.package_identification:_identify(/home/robousr/Documents/Practicas_ROS2/ros2_ws/src/examples/rclcpp/topics) by extension 'python_setup_py'
[4.926s] Level 1:colcon.colcon_core.package_identification:_identify(/home/robousr/Documents/Practicas_ROS2/ros2_ws/src/examples/rclcpp/topics/minimal_publisher) by extensions ['ignore', 'ignore_ament_install']
[4.937s] Level 1:colcon.colcon_core.package_identification:_identify(/home/robousr/Documents/Practicas_ROS2/ros2_ws/src/examples/rclcpp/topics/minimal_publisher) by extension 'ignore'
[4.937s] Level 1:colcon.colcon_core.package_identification:_identify(/home/robousr/Documents/Practicas_ROS2/ros2_ws/src/examples/rclcpp/topics/minimal_publisher) by extension 'ignore_ament_install'
[4.937s] Level 1:colcon.colcon_core.package_identification:_identify(/home/robousr/Documents/Practicas_ROS2/ros2_ws/src/examples/rclcpp/topics/minimal_publisher) by extensions ['colcon_pkg']
[4.937s] Level 1:colcon.colcon_core.package_identification:_identify(/home/robousr/Documents/Practicas_ROS2/ros2_ws/src/examples/rclcpp/topics/minimal_publisher) by extension 'colcon_pkg'
[4.938s] Level 1:colcon.colcon_core.package_identification:_identify(/home/robousr/Documents/Practicas_ROS2/ros2_ws/src/examples/rclcpp/topics/minimal_publisher) by extensions ['colcon_meta']
[4.938s] Level 1:colcon.colcon_core.package_identification:_identify(/home/robousr/Documents/Practicas_ROS2/ros2_ws/src/examples/rclcpp/topics/minimal_publisher) by extension 'colcon_meta'
[4.938s] Level 1:colcon.colcon_core.package_identification:_identify(/home/robousr/Documents/Practicas_ROS2/ros2_ws/src/examples/rclcpp/topics/minimal_publisher) by extensions ['ros']
[4.938s] Level 1:colcon.colcon_core.package_identification:_identify(/home/robousr/Documents/Practicas_ROS2/ros2_ws/src/examples/rclcpp/topics/minimal_publisher) by extension 'ros'
[4.945s] DEBUG:colcon.colcon_core.package_identification:Package '/home/robousr/Documents/Practicas_ROS2/ros2_ws/src/examples/rclcpp/topics/minimal_publisher' with type 'ros.ament_cmake' and name 'examples_rclcpp_minimal_publisher'
[4.957s] Level 1:colcon.colcon_core.package_identification:_identify(/home/robousr/Documents/Practicas_ROS2/ros2_ws/src/examples/rclcpp/topics/minimal_subscriber) by extensions ['ignore', 'ignore_ament_install']
[4.957s] Level 1:colcon.colcon_core.package_identification:_identify(/home/robousr/Documents/Practicas_ROS2/ros2_ws/src/examples/rclcpp/topics/minimal_subscriber) by extension 'ignore'
[4.958s] Level 1:colcon.colcon_core.package_identification:_identify(/home/robousr/Documents/Practicas_ROS2/ros2_ws/src/examples/rclcpp/topics/minimal_subscriber) by extension 'ignore_ament_install'
[4.958s] Level 1:colcon.colcon_core.package_identification:_identify(/home/robousr/Documents/Practicas_ROS2/ros2_ws/src/examples/rclcpp/topics/minimal_subscriber) by extensions ['colcon_pkg']
[4.958s] Level 1:colcon.colcon_core.package_identification:_identify(/home/robousr/Documents/Practicas_ROS2/ros2_ws/src/examples/rclcpp/topics/minimal_subscriber) by extension 'colcon_pkg'
[4.958s] Level 1:colcon.colcon_core.package_identification:_identify(/home/robousr/Documents/Practicas_ROS2/ros2_ws/src/examples/rclcpp/topics/minimal_subscriber) by extensions ['colcon_meta']
[4.959s] Level 1:colcon.colcon_core.package_identification:_identify(/home/robousr/Documents/Practicas_ROS2/ros2_ws/src/examples/rclcpp/topics/minimal_subscriber) by extension 'colcon_meta'
[4.959s] Level 1:colcon.colcon_core.package_identification:_identify(/home/robousr/Documents/Practicas_ROS2/ros2_ws/src/examples/rclcpp/topics/minimal_subscriber) by extensions ['ros']
[4.959s] Level 1:colcon.colcon_core.package_identification:_identify(/home/robousr/Documents/Practicas_ROS2/ros2_ws/src/examples/rclcpp/topics/minimal_subscriber) by extension 'ros'
[4.961s] DEBUG:colcon.colcon_core.package_identification:Package '/home/robousr/Documents/Practicas_ROS2/ros2_ws/src/examples/rclcpp/topics/minimal_subscriber' with type 'ros.ament_cmake' and name 'examples_rclcpp_minimal_subscriber'
[4.962s] Level 1:colcon.colcon_core.package_identification:_identify(/home/robousr/Documents/Practicas_ROS2/ros2_ws/src/examples/rclcpp/wait_set) by extensions ['ignore', 'ignore_ament_install']
[4.962s] Level 1:colcon.colcon_core.package_identification:_identify(/home/robousr/Documents/Practicas_ROS2/ros2_ws/src/examples/rclcpp/wait_set) by extension 'ignore'
[4.962s] Level 1:colcon.colcon_core.package_identification:_identify(/home/robousr/Documents/Practicas_ROS2/ros2_ws/src/examples/rclcpp/wait_set) by extension 'ignore_ament_install'
[4.962s] Level 1:colcon.colcon_core.package_identification:_identify(/home/robousr/Documents/Practicas_ROS2/ros2_ws/src/examples/rclcpp/wait_set) by extensions ['colcon_pkg']
[4.962s] Level 1:colcon.colcon_core.package_identification:_identify(/home/robousr/Documents/Practicas_ROS2/ros2_ws/src/examples/rclcpp/wait_set) by extension 'colcon_pkg'
[4.962s] Level 1:colcon.colcon_core.package_identification:_identify(/home/robousr/Documents/Practicas_ROS2/ros2_ws/src/examples/rclcpp/wait_set) by extensions ['colcon_meta']
[4.962s] Level 1:colcon.colcon_core.package_identification:_identify(/home/robousr/Documents/Practicas_ROS2/ros2_ws/src/examples/rclcpp/wait_set) by extension 'colcon_meta'
[4.963s] Level 1:colcon.colcon_core.package_identification:_identify(/home/robousr/Documents/Practicas_ROS2/ros2_ws/src/examples/rclcpp/wait_set) by extensions ['ros']
[4.963s] Level 1:colcon.colcon_core.package_identification:_identify(/home/robousr/Documents/Practicas_ROS2/ros2_ws/src/examples/rclcpp/wait_set) by extension 'ros'
[4.964s] DEBUG:colcon.colcon_core.package_identification:Package '/home/robousr/Documents/Practicas_ROS2/ros2_ws/src/examples/rclcpp/wait_set' with type 'ros.ament_cmake' and name 'examples_rclcpp_wait_set'
[4.965s] Level 1:colcon.colcon_core.package_identification:_identify(/home/robousr/Documents/Practicas_ROS2/ros2_ws/src/examples/rclpy) by extensions ['ignore', 'ignore_ament_install']
[4.965s] Level 1:colcon.colcon_core.package_identification:_identify(/home/robousr/Documents/Practicas_ROS2/ros2_ws/src/examples/rclpy) by extension 'ignore'
[4.965s] Level 1:colcon.colcon_core.package_identification:_identify(/home/robousr/Documents/Practicas_ROS2/ros2_ws/src/examples/rclpy) by extension 'ignore_ament_install'
[4.965s] Level 1:colcon.colcon_core.package_identification:_identify(/home/robousr/Documents/Practicas_ROS2/ros2_ws/src/examples/rclpy) by extensions ['colcon_pkg']
[4.965s] Level 1:colcon.colcon_core.package_identification:_identify(/home/robousr/Documents/Practicas_ROS2/ros2_ws/src/examples/rclpy) by extension 'colcon_pkg'
[4.965s] Level 1:colcon.colcon_core.package_identification:_identify(/home/robousr/Documents/Practicas_ROS2/ros2_ws/src/examples/rclpy) by extensions ['colcon_meta']
[4.966s] Level 1:colcon.colcon_core.package_identification:_identify(/home/robousr/Documents/Practicas_ROS2/ros2_ws/src/examples/rclpy) by extension 'colcon_meta'
[4.966s] Level 1:colcon.colcon_core.package_identification:_identify(/home/robousr/Documents/Practicas_ROS2/ros2_ws/src/examples/rclpy) by extensions ['ros']
[4.966s] Level 1:colcon.colcon_core.package_identification:_identify(/home/robousr/Documents/Practicas_ROS2/ros2_ws/src/examples/rclpy) by extension 'ros'
[4.966s] Level 1:colcon.colcon_core.package_identification:_identify(/home/robousr/Documents/Practicas_ROS2/ros2_ws/src/examples/rclpy) by extensions ['cmake', 'python']
[4.968s] Level 1:colcon.colcon_core.package_identification:_identify(/home/robousr/Documents/Practicas_ROS2/ros2_ws/src/examples/rclpy) by extension 'cmake'
[4.969s] Level 1:colcon.colcon_core.package_identification:_identify(/home/robousr/Documents/Practicas_ROS2/ros2_ws/src/examples/rclpy) by extension 'python'
[4.969s] Level 1:colcon.colcon_core.package_identification:_identify(/home/robousr/Documents/Practicas_ROS2/ros2_ws/src/examples/rclpy) by extensions ['python_setup_py']
[4.969s] Level 1:colcon.colcon_core.package_identification:_identify(/home/robousr/Documents/Practicas_ROS2/ros2_ws/src/examples/rclpy) by extension 'python_setup_py'
[4.970s] Level 1:colcon.colcon_core.package_identification:_identify(/home/robousr/Documents/Practicas_ROS2/ros2_ws/src/examples/rclpy/actions) by extensions ['ignore', 'ignore_ament_install']
[4.970s] Level 1:colcon.colcon_core.package_identification:_identify(/home/robousr/Documents/Practicas_ROS2/ros2_ws/src/examples/rclpy/actions) by extension 'ignore'
[4.970s] Level 1:colcon.colcon_core.package_identification:_identify(/home/robousr/Documents/Practicas_ROS2/ros2_ws/src/examples/rclpy/actions) by extension 'ignore_ament_install'
[4.970s] Level 1:colcon.colcon_core.package_identification:_identify(/home/robousr/Documents/Practicas_ROS2/ros2_ws/src/examples/rclpy/actions) by extensions ['colcon_pkg']
[4.972s] Level 1:colcon.colcon_core.package_identification:_identify(/home/robousr/Documents/Practicas_ROS2/ros2_ws/src/examples/rclpy/actions) by extension 'colcon_pkg'
[4.973s] Level 1:colcon.colcon_core.package_identification:_identify(/home/robousr/Documents/Practicas_ROS2/ros2_ws/src/examples/rclpy/actions) by extensions ['colcon_meta']
[4.973s] Level 1:colcon.colcon_core.package_identification:_identify(/home/robousr/Documents/Practicas_ROS2/ros2_ws/src/examples/rclpy/actions) by extension 'colcon_meta'
[4.973s] Level 1:colcon.colcon_core.package_identification:_identify(/home/robousr/Documents/Practicas_ROS2/ros2_ws/src/examples/rclpy/actions) by extensions ['ros']
[4.973s] Level 1:colcon.colcon_core.package_identification:_identify(/home/robousr/Documents/Practicas_ROS2/ros2_ws/src/examples/rclpy/actions) by extension 'ros'
[4.973s] Level 1:colcon.colcon_core.package_identification:_identify(/home/robousr/Documents/Practicas_ROS2/ros2_ws/src/examples/rclpy/actions) by extensions ['cmake', 'python']
[4.973s] Level 1:colcon.colcon_core.package_identification:_identify(/home/robousr/Documents/Practicas_ROS2/ros2_ws/src/examples/rclpy/actions) by extension 'cmake'
[4.973s] Level 1:colcon.colcon_core.package_identification:_identify(/home/robousr/Documents/Practicas_ROS2/ros2_ws/src/examples/rclpy/actions) by extension 'python'
[4.974s] Level 1:colcon.colcon_core.package_identification:_identify(/home/robousr/Documents/Practicas_ROS2/ros2_ws/src/examples/rclpy/actions) by extensions ['python_setup_py']
[4.974s] Level 1:colcon.colcon_core.package_identification:_identify(/home/robousr/Documents/Practicas_ROS2/ros2_ws/src/examples/rclpy/actions) by extension 'python_setup_py'
[4.976s] Level 1:colcon.colcon_core.package_identification:_identify(/home/robousr/Documents/Practicas_ROS2/ros2_ws/src/examples/rclpy/actions/minimal_action_client) by extensions ['ignore', 'ignore_ament_install']
[4.977s] Level 1:colcon.colcon_core.package_identification:_identify(/home/robousr/Documents/Practicas_ROS2/ros2_ws/src/examples/rclpy/actions/minimal_action_client) by extension 'ignore'
[4.977s] Level 1:colcon.colcon_core.package_identification:_identify(/home/robousr/Documents/Practicas_ROS2/ros2_ws/src/examples/rclpy/actions/minimal_action_client) by extension 'ignore_ament_install'
[4.977s] Level 1:colcon.colcon_core.package_identification:_identify(/home/robousr/Documents/Practicas_ROS2/ros2_ws/src/examples/rclpy/actions/minimal_action_client) by extensions ['colcon_pkg']
[4.977s] Level 1:colcon.colcon_core.package_identification:_identify(/home/robousr/Documents/Practicas_ROS2/ros2_ws/src/examples/rclpy/actions/minimal_action_client) by extension 'colcon_pkg'
[4.977s] Level 1:colcon.colcon_core.package_identification:_identify(/home/robousr/Documents/Practicas_ROS2/ros2_ws/src/examples/rclpy/actions/minimal_action_client) by extensions ['colcon_meta']
[4.978s] Level 1:colcon.colcon_core.package_identification:_identify(/home/robousr/Documents/Practicas_ROS2/ros2_ws/src/examples/rclpy/actions/minimal_action_client) by extension 'colcon_meta'
[4.978s] Level 1:colcon.colcon_core.package_identification:_identify(/home/robousr/Documents/Practicas_ROS2/ros2_ws/src/examples/rclpy/actions/minimal_action_client) by extensions ['ros']
[4.978s] Level 1:colcon.colcon_core.package_identification:_identify(/home/robousr/Documents/Practicas_ROS2/ros2_ws/src/examples/rclpy/actions/minimal_action_client) by extension 'ros'
[4.980s] DEBUG:colcon.colcon_core.package_identification:Package '/home/robousr/Documents/Practicas_ROS2/ros2_ws/src/examples/rclpy/actions/minimal_action_client' with type 'ros.ament_python' and name 'examples_rclpy_minimal_action_client'
[4.980s] Level 1:colcon.colcon_core.package_identification:_identify(/home/robousr/Documents/Practicas_ROS2/ros2_ws/src/examples/rclpy/actions/minimal_action_server) by extensions ['ignore', 'ignore_ament_install']
[4.981s] Level 1:colcon.colcon_core.package_identification:_identify(/home/robousr/Documents/Practicas_ROS2/ros2_ws/src/examples/rclpy/actions/minimal_action_server) by extension 'ignore'
[4.981s] Level 1:colcon.colcon_core.package_identification:_identify(/home/robousr/Documents/Practicas_ROS2/ros2_ws/src/examples/rclpy/actions/minimal_action_server) by extension 'ignore_ament_install'
[4.982s] Level 1:colcon.colcon_core.package_identification:_identify(/home/robousr/Documents/Practicas_ROS2/ros2_ws/src/examples/rclpy/actions/minimal_action_server) by extensions ['colcon_pkg']
[4.982s] Level 1:colcon.colcon_core.package_identification:_identify(/home/robousr/Documents/Practicas_ROS2/ros2_ws/src/examples/rclpy/actions/minimal_action_server) by extension 'colcon_pkg'
[4.983s] Level 1:colcon.colcon_core.package_identification:_identify(/home/robousr/Documents/Practicas_ROS2/ros2_ws/src/examples/rclpy/actions/minimal_action_server) by extensions ['colcon_meta']
[4.983s] Level 1:colcon.colcon_core.package_identification:_identify(/home/robousr/Documents/Practicas_ROS2/ros2_ws/src/examples/rclpy/actions/minimal_action_server) by extension 'colcon_meta'
[4.984s] Level 1:colcon.colcon_core.package_identification:_identify(/home/robousr/Documents/Practicas_ROS2/ros2_ws/src/examples/rclpy/actions/minimal_action_server) by extensions ['ros']
[4.984s] Level 1:colcon.colcon_core.package_identification:_identify(/home/robousr/Documents/Practicas_ROS2/ros2_ws/src/examples/rclpy/actions/minimal_action_server) by extension 'ros'
[4.989s] DEBUG:colcon.colcon_core.package_identification:Package '/home/robousr/Documents/Practicas_ROS2/ros2_ws/src/examples/rclpy/actions/minimal_action_server' with type 'ros.ament_python' and name 'examples_rclpy_minimal_action_server'
[4.996s] Level 1:colcon.colcon_core.package_identification:_identify(/home/robousr/Documents/Practicas_ROS2/ros2_ws/src/examples/rclpy/executors) by extensions ['ignore', 'ignore_ament_install']
[4.996s] Level 1:colcon.colcon_core.package_identification:_identify(/home/robousr/Documents/Practicas_ROS2/ros2_ws/src/examples/rclpy/executors) by extension 'ignore'
[4.996s] Level 1:colcon.colcon_core.package_identification:_identify(/home/robousr/Documents/Practicas_ROS2/ros2_ws/src/examples/rclpy/executors) by extension 'ignore_ament_install'
[4.997s] Level 1:colcon.colcon_core.package_identification:_identify(/home/robousr/Documents/Practicas_ROS2/ros2_ws/src/examples/rclpy/executors) by extensions ['colcon_pkg']
[4.997s] Level 1:colcon.colcon_core.package_identification:_identify(/home/robousr/Documents/Practicas_ROS2/ros2_ws/src/examples/rclpy/executors) by extension 'colcon_pkg'
[4.997s] Level 1:colcon.colcon_core.package_identification:_identify(/home/robousr/Documents/Practicas_ROS2/ros2_ws/src/examples/rclpy/executors) by extensions ['colcon_meta']
[4.997s] Level 1:colcon.colcon_core.package_identification:_identify(/home/robousr/Documents/Practicas_ROS2/ros2_ws/src/examples/rclpy/executors) by extension 'colcon_meta'
[4.997s] Level 1:colcon.colcon_core.package_identification:_identify(/home/robousr/Documents/Practicas_ROS2/ros2_ws/src/examples/rclpy/executors) by extensions ['ros']
[4.997s] Level 1:colcon.colcon_core.package_identification:_identify(/home/robousr/Documents/Practicas_ROS2/ros2_ws/src/examples/rclpy/executors) by extension 'ros'
[5.011s] DEBUG:colcon.colcon_core.package_identification:Package '/home/robousr/Documents/Practicas_ROS2/ros2_ws/src/examples/rclpy/executors' with type 'ros.ament_python' and name 'examples_rclpy_executors'
[5.011s] Level 1:colcon.colcon_core.package_identification:_identify(/home/robousr/Documents/Practicas_ROS2/ros2_ws/src/examples/rclpy/guard_conditions) by extensions ['ignore', 'ignore_ament_install']
[5.012s] Level 1:colcon.colcon_core.package_identification:_identify(/home/robousr/Documents/Practicas_ROS2/ros2_ws/src/examples/rclpy/guard_conditions) by extension 'ignore'
[5.014s] Level 1:colcon.colcon_core.package_identification:_identify(/home/robousr/Documents/Practicas_ROS2/ros2_ws/src/examples/rclpy/guard_conditions) by extension 'ignore_ament_install'
[5.014s] Level 1:colcon.colcon_core.package_identification:_identify(/home/robousr/Documents/Practicas_ROS2/ros2_ws/src/examples/rclpy/guard_conditions) by extensions ['colcon_pkg']
[5.019s] Level 1:colcon.colcon_core.package_identification:_identify(/home/robousr/Documents/Practicas_ROS2/ros2_ws/src/examples/rclpy/guard_conditions) by extension 'colcon_pkg'
[5.019s] Level 1:colcon.colcon_core.package_identification:_identify(/home/robousr/Documents/Practicas_ROS2/ros2_ws/src/examples/rclpy/guard_conditions) by extensions ['colcon_meta']
[5.019s] Level 1:colcon.colcon_core.package_identification:_identify(/home/robousr/Documents/Practicas_ROS2/ros2_ws/src/examples/rclpy/guard_conditions) by extension 'colcon_meta'
[5.019s] Level 1:colcon.colcon_core.package_identification:_identify(/home/robousr/Documents/Practicas_ROS2/ros2_ws/src/examples/rclpy/guard_conditions) by extensions ['ros']
[5.019s] Level 1:colcon.colcon_core.package_identification:_identify(/home/robousr/Documents/Practicas_ROS2/ros2_ws/src/examples/rclpy/guard_conditions) by extension 'ros'
[5.025s] DEBUG:colcon.colcon_core.package_identification:Package '/home/robousr/Documents/Practicas_ROS2/ros2_ws/src/examples/rclpy/guard_conditions' with type 'ros.ament_python' and name 'examples_rclpy_guard_conditions'
[5.026s] Level 1:colcon.colcon_core.package_identification:_identify(/home/robousr/Documents/Practicas_ROS2/ros2_ws/src/examples/rclpy/services) by extensions ['ignore', 'ignore_ament_install']
[5.036s] Level 1:colcon.colcon_core.package_identification:_identify(/home/robousr/Documents/Practicas_ROS2/ros2_ws/src/examples/rclpy/services) by extension 'ignore'
[5.036s] Level 1:colcon.colcon_core.package_identification:_identify(/home/robousr/Documents/Practicas_ROS2/ros2_ws/src/examples/rclpy/services) by extension 'ignore_ament_install'
[5.037s] Level 1:colcon.colcon_core.package_identification:_identify(/home/robousr/Documents/Practicas_ROS2/ros2_ws/src/examples/rclpy/services) by extensions ['colcon_pkg']
[5.037s] Level 1:colcon.colcon_core.package_identification:_identify(/home/robousr/Documents/Practicas_ROS2/ros2_ws/src/examples/rclpy/services) by extension 'colcon_pkg'
[5.037s] Level 1:colcon.colcon_core.package_identification:_identify(/home/robousr/Documents/Practicas_ROS2/ros2_ws/src/examples/rclpy/services) by extensions ['colcon_meta']
[5.037s] Level 1:colcon.colcon_core.package_identification:_identify(/home/robousr/Documents/Practicas_ROS2/ros2_ws/src/examples/rclpy/services) by extension 'colcon_meta'
[5.041s] Level 1:colcon.colcon_core.package_identification:_identify(/home/robousr/Documents/Practicas_ROS2/ros2_ws/src/examples/rclpy/services) by extensions ['ros']
[5.042s] Level 1:colcon.colcon_core.package_identification:_identify(/home/robousr/Documents/Practicas_ROS2/ros2_ws/src/examples/rclpy/services) by extension 'ros'
[5.042s] Level 1:colcon.colcon_core.package_identification:_identify(/home/robousr/Documents/Practicas_ROS2/ros2_ws/src/examples/rclpy/services) by extensions ['cmake', 'python']
[5.042s] Level 1:colcon.colcon_core.package_identification:_identify(/home/robousr/Documents/Practicas_ROS2/ros2_ws/src/examples/rclpy/services) by extension 'cmake'
[5.042s] Level 1:colcon.colcon_core.package_identification:_identify(/home/robousr/Documents/Practicas_ROS2/ros2_ws/src/examples/rclpy/services) by extension 'python'
[5.042s] Level 1:colcon.colcon_core.package_identification:_identify(/home/robousr/Documents/Practicas_ROS2/ros2_ws/src/examples/rclpy/services) by extensions ['python_setup_py']
[5.042s] Level 1:colcon.colcon_core.package_identification:_identify(/home/robousr/Documents/Practicas_ROS2/ros2_ws/src/examples/rclpy/services) by extension 'python_setup_py'
[5.043s] Level 1:colcon.colcon_core.package_identification:_identify(/home/robousr/Documents/Practicas_ROS2/ros2_ws/src/examples/rclpy/services/minimal_client) by extensions ['ignore', 'ignore_ament_install']
[5.047s] Level 1:colcon.colcon_core.package_identification:_identify(/home/robousr/Documents/Practicas_ROS2/ros2_ws/src/examples/rclpy/services/minimal_client) by extension 'ignore'
[5.047s] Level 1:colcon.colcon_core.package_identification:_identify(/home/robousr/Documents/Practicas_ROS2/ros2_ws/src/examples/rclpy/services/minimal_client) by extension 'ignore_ament_install'
[5.047s] Level 1:colcon.colcon_core.package_identification:_identify(/home/robousr/Documents/Practicas_ROS2/ros2_ws/src/examples/rclpy/services/minimal_client) by extensions ['colcon_pkg']
[5.049s] Level 1:colcon.colcon_core.package_identification:_identify(/home/robousr/Documents/Practicas_ROS2/ros2_ws/src/examples/rclpy/services/minimal_client) by extension 'colcon_pkg'
[5.050s] Level 1:colcon.colcon_core.package_identification:_identify(/home/robousr/Documents/Practicas_ROS2/ros2_ws/src/examples/rclpy/services/minimal_client) by extensions ['colcon_meta']
[5.050s] Level 1:colcon.colcon_core.package_identification:_identify(/home/robousr/Documents/Practicas_ROS2/ros2_ws/src/examples/rclpy/services/minimal_client) by extension 'colcon_meta'
[5.050s] Level 1:colcon.colcon_core.package_identification:_identify(/home/robousr/Documents/Practicas_ROS2/ros2_ws/src/examples/rclpy/services/minimal_client) by extensions ['ros']
[5.050s] Level 1:colcon.colcon_core.package_identification:_identify(/home/robousr/Documents/Practicas_ROS2/ros2_ws/src/examples/rclpy/services/minimal_client) by extension 'ros'
[5.066s] DEBUG:colcon.colcon_core.package_identification:Package '/home/robousr/Documents/Practicas_ROS2/ros2_ws/src/examples/rclpy/services/minimal_client' with type 'ros.ament_python' and name 'examples_rclpy_minimal_client'
[5.073s] Level 1:colcon.colcon_core.package_identification:_identify(/home/robousr/Documents/Practicas_ROS2/ros2_ws/src/examples/rclpy/services/minimal_service) by extensions ['ignore', 'ignore_ament_install']
[5.074s] Level 1:colcon.colcon_core.package_identification:_identify(/home/robousr/Documents/Practicas_ROS2/ros2_ws/src/examples/rclpy/services/minimal_service) by extension 'ignore'
[5.074s] Level 1:colcon.colcon_core.package_identification:_identify(/home/robousr/Documents/Practicas_ROS2/ros2_ws/src/examples/rclpy/services/minimal_service) by extension 'ignore_ament_install'
[5.074s] Level 1:colcon.colcon_core.package_identification:_identify(/home/robousr/Documents/Practicas_ROS2/ros2_ws/src/examples/rclpy/services/minimal_service) by extensions ['colcon_pkg']
[5.074s] Level 1:colcon.colcon_core.package_identification:_identify(/home/robousr/Documents/Practicas_ROS2/ros2_ws/src/examples/rclpy/services/minimal_service) by extension 'colcon_pkg'
[5.074s] Level 1:colcon.colcon_core.package_identification:_identify(/home/robousr/Documents/Practicas_ROS2/ros2_ws/src/examples/rclpy/services/minimal_service) by extensions ['colcon_meta']
[5.074s] Level 1:colcon.colcon_core.package_identification:_identify(/home/robousr/Documents/Practicas_ROS2/ros2_ws/src/examples/rclpy/services/minimal_service) by extension 'colcon_meta'
[5.074s] Level 1:colcon.colcon_core.package_identification:_identify(/home/robousr/Documents/Practicas_ROS2/ros2_ws/src/examples/rclpy/services/minimal_service) by extensions ['ros']
[5.074s] Level 1:colcon.colcon_core.package_identification:_identify(/home/robousr/Documents/Practicas_ROS2/ros2_ws/src/examples/rclpy/services/minimal_service) by extension 'ros'
[5.084s] DEBUG:colcon.colcon_core.package_identification:Package '/home/robousr/Documents/Practicas_ROS2/ros2_ws/src/examples/rclpy/services/minimal_service' with type 'ros.ament_python' and name 'examples_rclpy_minimal_service'
[5.089s] Level 1:colcon.colcon_core.package_identification:_identify(/home/robousr/Documents/Practicas_ROS2/ros2_ws/src/examples/rclpy/topics) by extensions ['ignore', 'ignore_ament_install']
[5.090s] Level 1:colcon.colcon_core.package_identification:_identify(/home/robousr/Documents/Practicas_ROS2/ros2_ws/src/examples/rclpy/topics) by extension 'ignore'
[5.090s] Level 1:colcon.colcon_core.package_identification:_identify(/home/robousr/Documents/Practicas_ROS2/ros2_ws/src/examples/rclpy/topics) by extension 'ignore_ament_install'
[5.090s] Level 1:colcon.colcon_core.package_identification:_identify(/home/robousr/Documents/Practicas_ROS2/ros2_ws/src/examples/rclpy/topics) by extensions ['colcon_pkg']
[5.090s] Level 1:colcon.colcon_core.package_identification:_identify(/home/robousr/Documents/Practicas_ROS2/ros2_ws/src/examples/rclpy/topics) by extension 'colcon_pkg'
[5.098s] Level 1:colcon.colcon_core.package_identification:_identify(/home/robousr/Documents/Practicas_ROS2/ros2_ws/src/examples/rclpy/topics) by extensions ['colcon_meta']
[5.099s] Level 1:colcon.colcon_core.package_identification:_identify(/home/robousr/Documents/Practicas_ROS2/ros2_ws/src/examples/rclpy/topics) by extension 'colcon_meta'
[5.099s] Level 1:colcon.colcon_core.package_identification:_identify(/home/robousr/Documents/Practicas_ROS2/ros2_ws/src/examples/rclpy/topics) by extensions ['ros']
[5.099s] Level 1:colcon.colcon_core.package_identification:_identify(/home/robousr/Documents/Practicas_ROS2/ros2_ws/src/examples/rclpy/topics) by extension 'ros'
[5.099s] Level 1:colcon.colcon_core.package_identification:_identify(/home/robousr/Documents/Practicas_ROS2/ros2_ws/src/examples/rclpy/topics) by extensions ['cmake', 'python']
[5.099s] Level 1:colcon.colcon_core.package_identification:_identify(/home/robousr/Documents/Practicas_ROS2/ros2_ws/src/examples/rclpy/topics) by extension 'cmake'
[5.099s] Level 1:colcon.colcon_core.package_identification:_identify(/home/robousr/Documents/Practicas_ROS2/ros2_ws/src/examples/rclpy/topics) by extension 'python'
[5.099s] Level 1:colcon.colcon_core.package_identification:_identify(/home/robousr/Documents/Practicas_ROS2/ros2_ws/src/examples/rclpy/topics) by extensions ['python_setup_py']
[5.100s] Level 1:colcon.colcon_core.package_identification:_identify(/home/robousr/Documents/Practicas_ROS2/ros2_ws/src/examples/rclpy/topics) by extension 'python_setup_py'
[5.100s] Level 1:colcon.colcon_core.package_identification:_identify(/home/robousr/Documents/Practicas_ROS2/ros2_ws/src/examples/rclpy/topics/minimal_publisher) by extensions ['ignore', 'ignore_ament_install']
[5.100s] Level 1:colcon.colcon_core.package_identification:_identify(/home/robousr/Documents/Practicas_ROS2/ros2_ws/src/examples/rclpy/topics/minimal_publisher) by extension 'ignore'
[5.100s] Level 1:colcon.colcon_core.package_identification:_identify(/home/robousr/Documents/Practicas_ROS2/ros2_ws/src/examples/rclpy/topics/minimal_publisher) by extension 'ignore_ament_install'
[5.100s] Level 1:colcon.colcon_core.package_identification:_identify(/home/robousr/Documents/Practicas_ROS2/ros2_ws/src/examples/rclpy/topics/minimal_publisher) by extensions ['colcon_pkg']
[5.100s] Level 1:colcon.colcon_core.package_identification:_identify(/home/robousr/Documents/Practicas_ROS2/ros2_ws/src/examples/rclpy/topics/minimal_publisher) by extension 'colcon_pkg'
[5.106s] Level 1:colcon.colcon_core.package_identification:_identify(/home/robousr/Documents/Practicas_ROS2/ros2_ws/src/examples/rclpy/topics/minimal_publisher) by extensions ['colcon_meta']
[5.106s] Level 1:colcon.colcon_core.package_identification:_identify(/home/robousr/Documents/Practicas_ROS2/ros2_ws/src/examples/rclpy/topics/minimal_publisher) by extension 'colcon_meta'
[5.106s] Level 1:colcon.colcon_core.package_identification:_identify(/home/robousr/Documents/Practicas_ROS2/ros2_ws/src/examples/rclpy/topics/minimal_publisher) by extensions ['ros']
[5.106s] Level 1:colcon.colcon_core.package_identification:_identify(/home/robousr/Documents/Practicas_ROS2/ros2_ws/src/examples/rclpy/topics/minimal_publisher) by extension 'ros'
[5.107s] DEBUG:colcon.colcon_core.package_identification:Package '/home/robousr/Documents/Practicas_ROS2/ros2_ws/src/examples/rclpy/topics/minimal_publisher' with type 'ros.ament_python' and name 'examples_rclpy_minimal_publisher'
[5.114s] Level 1:colcon.colcon_core.package_identification:_identify(/home/robousr/Documents/Practicas_ROS2/ros2_ws/src/examples/rclpy/topics/minimal_subscriber) by extensions ['ignore', 'ignore_ament_install']
[5.118s] Level 1:colcon.colcon_core.package_identification:_identify(/home/robousr/Documents/Practicas_ROS2/ros2_ws/src/examples/rclpy/topics/minimal_subscriber) by extension 'ignore'
[5.118s] Level 1:colcon.colcon_core.package_identification:_identify(/home/robousr/Documents/Practicas_ROS2/ros2_ws/src/examples/rclpy/topics/minimal_subscriber) by extension 'ignore_ament_install'
[5.118s] Level 1:colcon.colcon_core.package_identification:_identify(/home/robousr/Documents/Practicas_ROS2/ros2_ws/src/examples/rclpy/topics/minimal_subscriber) by extensions ['colcon_pkg']
[5.118s] Level 1:colcon.colcon_core.package_identification:_identify(/home/robousr/Documents/Practicas_ROS2/ros2_ws/src/examples/rclpy/topics/minimal_subscriber) by extension 'colcon_pkg'
[5.118s] Level 1:colcon.colcon_core.package_identification:_identify(/home/robousr/Documents/Practicas_ROS2/ros2_ws/src/examples/rclpy/topics/minimal_subscriber) by extensions ['colcon_meta']
[5.118s] Level 1:colcon.colcon_core.package_identification:_identify(/home/robousr/Documents/Practicas_ROS2/ros2_ws/src/examples/rclpy/topics/minimal_subscriber) by extension 'colcon_meta'
[5.125s] Level 1:colcon.colcon_core.package_identification:_identify(/home/robousr/Documents/Practicas_ROS2/ros2_ws/src/examples/rclpy/topics/minimal_subscriber) by extensions ['ros']
[5.125s] Level 1:colcon.colcon_core.package_identification:_identify(/home/robousr/Documents/Practicas_ROS2/ros2_ws/src/examples/rclpy/topics/minimal_subscriber) by extension 'ros'
[5.130s] DEBUG:colcon.colcon_core.package_identification:Package '/home/robousr/Documents/Practicas_ROS2/ros2_ws/src/examples/rclpy/topics/minimal_subscriber' with type 'ros.ament_python' and name 'examples_rclpy_minimal_subscriber'
[5.130s] Level 1:colcon.colcon_core.package_identification:_identify(/home/robousr/Documents/Practicas_ROS2/ros2_ws/src/examples/rclpy/topics/pointcloud_publisher) by extensions ['ignore', 'ignore_ament_install']
[5.139s] Level 1:colcon.colcon_core.package_identification:_identify(/home/robousr/Documents/Practicas_ROS2/ros2_ws/src/examples/rclpy/topics/pointcloud_publisher) by extension 'ignore'
[5.140s] Level 1:colcon.colcon_core.package_identification:_identify(/home/robousr/Documents/Practicas_ROS2/ros2_ws/src/examples/rclpy/topics/pointcloud_publisher) by extension 'ignore_ament_install'
[5.140s] Level 1:colcon.colcon_core.package_identification:_identify(/home/robousr/Documents/Practicas_ROS2/ros2_ws/src/examples/rclpy/topics/pointcloud_publisher) by extensions ['colcon_pkg']
[5.140s] Level 1:colcon.colcon_core.package_identification:_identify(/home/robousr/Documents/Practicas_ROS2/ros2_ws/src/examples/rclpy/topics/pointcloud_publisher) by extension 'colcon_pkg'
[5.140s] Level 1:colcon.colcon_core.package_identification:_identify(/home/robousr/Documents/Practicas_ROS2/ros2_ws/src/examples/rclpy/topics/pointcloud_publisher) by extensions ['colcon_meta']
[5.141s] Level 1:colcon.colcon_core.package_identification:_identify(/home/robousr/Documents/Practicas_ROS2/ros2_ws/src/examples/rclpy/topics/pointcloud_publisher) by extension 'colcon_meta'
[5.141s] Level 1:colcon.colcon_core.package_identification:_identify(/home/robousr/Documents/Practicas_ROS2/ros2_ws/src/examples/rclpy/topics/pointcloud_publisher) by extensions ['ros']
[5.141s] Level 1:colcon.colcon_core.package_identification:_identify(/home/robousr/Documents/Practicas_ROS2/ros2_ws/src/examples/rclpy/topics/pointcloud_publisher) by extension 'ros'
[5.160s] DEBUG:colcon.colcon_core.package_identification:Package '/home/robousr/Documents/Practicas_ROS2/ros2_ws/src/examples/rclpy/topics/pointcloud_publisher' with type 'ros.ament_python' and name 'examples_rclpy_pointcloud_publisher'
[5.160s] Level 1:colcon.colcon_core.package_identification:_identify(/home/robousr/Documents/Practicas_ROS2/ros2_ws/src/ros_tutorials) by extensions ['ignore', 'ignore_ament_install']
[5.164s] Level 1:colcon.colcon_core.package_identification:_identify(/home/robousr/Documents/Practicas_ROS2/ros2_ws/src/ros_tutorials) by extension 'ignore'
[5.164s] Level 1:colcon.colcon_core.package_identification:_identify(/home/robousr/Documents/Practicas_ROS2/ros2_ws/src/ros_tutorials) by extension 'ignore_ament_install'
[5.164s] Level 1:colcon.colcon_core.package_identification:_identify(/home/robousr/Documents/Practicas_ROS2/ros2_ws/src/ros_tutorials) by extensions ['colcon_pkg']
[5.164s] Level 1:colcon.colcon_core.package_identification:_identify(/home/robousr/Documents/Practicas_ROS2/ros2_ws/src/ros_tutorials) by extension 'colcon_pkg'
[5.164s] Level 1:colcon.colcon_core.package_identification:_identify(/home/robousr/Documents/Practicas_ROS2/ros2_ws/src/ros_tutorials) by extensions ['colcon_meta']
[5.168s] Level 1:colcon.colcon_core.package_identification:_identify(/home/robousr/Documents/Practicas_ROS2/ros2_ws/src/ros_tutorials) by extension 'colcon_meta'
[5.171s] Level 1:colcon.colcon_core.package_identification:_identify(/home/robousr/Documents/Practicas_ROS2/ros2_ws/src/ros_tutorials) by extensions ['ros']
[5.171s] Level 1:colcon.colcon_core.package_identification:_identify(/home/robousr/Documents/Practicas_ROS2/ros2_ws/src/ros_tutorials) by extension 'ros'
[5.172s] Level 1:colcon.colcon_core.package_identification:_identify(/home/robousr/Documents/Practicas_ROS2/ros2_ws/src/ros_tutorials) by extensions ['cmake', 'python']
[5.172s] Level 1:colcon.colcon_core.package_identification:_identify(/home/robousr/Documents/Practicas_ROS2/ros2_ws/src/ros_tutorials) by extension 'cmake'
[5.172s] Level 1:colcon.colcon_core.package_identification:_identify(/home/robousr/Documents/Practicas_ROS2/ros2_ws/src/ros_tutorials) by extension 'python'
[5.172s] Level 1:colcon.colcon_core.package_identification:_identify(/home/robousr/Documents/Practicas_ROS2/ros2_ws/src/ros_tutorials) by extensions ['python_setup_py']
[5.172s] Level 1:colcon.colcon_core.package_identification:_identify(/home/robousr/Documents/Practicas_ROS2/ros2_ws/src/ros_tutorials) by extension 'python_setup_py'
[5.177s] Level 1:colcon.colcon_core.package_identification:_identify(/home/robousr/Documents/Practicas_ROS2/ros2_ws/src/ros_tutorials/ros_tutorials) by extensions ['ignore', 'ignore_ament_install']
[5.177s] Level 1:colcon.colcon_core.package_identification:_identify(/home/robousr/Documents/Practicas_ROS2/ros2_ws/src/ros_tutorials/ros_tutorials) by extension 'ignore'
[5.177s] Level 1:colcon.colcon_core.package_identification:_identify(/home/robousr/Documents/Practicas_ROS2/ros2_ws/src/ros_tutorials/ros_tutorials) ignored
[5.183s] Level 1:colcon.colcon_core.package_identification:_identify(/home/robousr/Documents/Practicas_ROS2/ros2_ws/src/ros_tutorials/roscpp_tutorials) by extensions ['ignore', 'ignore_ament_install']
[5.187s] Level 1:colcon.colcon_core.package_identification:_identify(/home/robousr/Documents/Practicas_ROS2/ros2_ws/src/ros_tutorials/roscpp_tutorials) by extension 'ignore'
[5.187s] Level 1:colcon.colcon_core.package_identification:_identify(/home/robousr/Documents/Practicas_ROS2/ros2_ws/src/ros_tutorials/roscpp_tutorials) ignored
[5.188s] Level 1:colcon.colcon_core.package_identification:_identify(/home/robousr/Documents/Practicas_ROS2/ros2_ws/src/ros_tutorials/rospy_tutorials) by extensions ['ignore', 'ignore_ament_install']
[5.188s] Level 1:colcon.colcon_core.package_identification:_identify(/home/robousr/Documents/Practicas_ROS2/ros2_ws/src/ros_tutorials/rospy_tutorials) by extension 'ignore'
[5.188s] Level 1:colcon.colcon_core.package_identification:_identify(/home/robousr/Documents/Practicas_ROS2/ros2_ws/src/ros_tutorials/rospy_tutorials) ignored
[5.197s] Level 1:colcon.colcon_core.package_identification:_identify(/home/robousr/Documents/Practicas_ROS2/ros2_ws/src/ros_tutorials/turtlesim) by extensions ['ignore', 'ignore_ament_install']
[5.197s] Level 1:colcon.colcon_core.package_identification:_identify(/home/robousr/Documents/Practicas_ROS2/ros2_ws/src/ros_tutorials/turtlesim) by extension 'ignore'
[5.197s] Level 1:colcon.colcon_core.package_identification:_identify(/home/robousr/Documents/Practicas_ROS2/ros2_ws/src/ros_tutorials/turtlesim) by extension 'ignore_ament_install'
[5.198s] Level 1:colcon.colcon_core.package_identification:_identify(/home/robousr/Documents/Practicas_ROS2/ros2_ws/src/ros_tutorials/turtlesim) by extensions ['colcon_pkg']
[5.198s] Level 1:colcon.colcon_core.package_identification:_identify(/home/robousr/Documents/Practicas_ROS2/ros2_ws/src/ros_tutorials/turtlesim) by extension 'colcon_pkg'
[5.198s] Level 1:colcon.colcon_core.package_identification:_identify(/home/robousr/Documents/Practicas_ROS2/ros2_ws/src/ros_tutorials/turtlesim) by extensions ['colcon_meta']
[5.198s] Level 1:colcon.colcon_core.package_identification:_identify(/home/robousr/Documents/Practicas_ROS2/ros2_ws/src/ros_tutorials/turtlesim) by extension 'colcon_meta'
[5.198s] Level 1:colcon.colcon_core.package_identification:_identify(/home/robousr/Documents/Practicas_ROS2/ros2_ws/src/ros_tutorials/turtlesim) by extensions ['ros']
[5.198s] Level 1:colcon.colcon_core.package_identification:_identify(/home/robousr/Documents/Practicas_ROS2/ros2_ws/src/ros_tutorials/turtlesim) by extension 'ros'
[5.230s] DEBUG:colcon.colcon_core.package_identification:Package '/home/robousr/Documents/Practicas_ROS2/ros2_ws/src/ros_tutorials/turtlesim' with type 'ros.ament_cmake' and name 'turtlesim'
[5.230s] Level 1:colcon.colcon_core.package_discovery:discover_packages(recursive) using defaults
